'((proc
   (+ _55002 . lst)
   (let ((kont5474154841 (prim car lst)))
     (let ((lst54842 (prim cdr lst)))
       (let ((x5465354843 (apply-prim + lst54842)))
         (clo-app kont5474154841 x5465354843)))))
  (proc
   (- _55003 . lst)
   (let ((kont5474354844 (prim car lst)))
     (let ((lst54845 (prim cdr lst)))
       (let ((x5465454846 (apply-prim - lst54845)))
         (clo-app kont5474354844 x5465454846)))))
  (proc
   (* _55004 . lst)
   (let ((kont5474554847 (prim car lst)))
     (let ((lst54848 (prim cdr lst)))
       (let ((x5465554849 (apply-prim * lst54848)))
         (clo-app kont5474554847 x5465554849)))))
  (proc
   (modulo _55005 kont54747 a b)
   (let ((x5465654850 (prim modulo a b))) (clo-app kont54747 x5465654850)))
  (proc
   (/ _55006 . lst)
   (let ((kont5474854851 (prim car lst)))
     (let ((lst54852 (prim cdr lst)))
       (let ((x5465754853 (apply-prim / lst54852)))
         (clo-app kont5474854851 x5465754853)))))
  (proc
   (= _55007 . lst)
   (let ((kont5475054854 (prim car lst)))
     (let ((lst54855 (prim cdr lst)))
       (let ((x5465854856 (apply-prim = lst54855)))
         (clo-app kont5475054854 x5465854856)))))
  (proc
   (> _55008 . lst)
   (let ((kont5475254857 (prim car lst)))
     (let ((lst54858 (prim cdr lst)))
       (let ((x5465954859 (apply-prim > lst54858)))
         (clo-app kont5475254857 x5465954859)))))
  (proc
   (< _55009 . lst)
   (let ((kont5475454860 (prim car lst)))
     (let ((lst54861 (prim cdr lst)))
       (let ((x5466054862 (apply-prim < lst54861)))
         (clo-app kont5475454860 x5466054862)))))
  (proc
   (<= _55010 . lst)
   (let ((kont5475654863 (prim car lst)))
     (let ((lst54864 (prim cdr lst)))
       (let ((x5466154865 (apply-prim <= lst54864)))
         (clo-app kont5475654863 x5466154865)))))
  (proc
   (>= _55011 . lst)
   (let ((kont5475854866 (prim car lst)))
     (let ((lst54867 (prim cdr lst)))
       (let ((x5466254868 (apply-prim >= lst54867)))
         (clo-app kont5475854866 x5466254868)))))
  (proc
   (null? _55012 kont54760 x)
   (let ((x5466354869 (prim null? x))) (clo-app kont54760 x5466354869)))
  (proc
   (equal? _55013 kont54761 x y)
   (let ((x5466454870 (prim equal? x y))) (clo-app kont54761 x5466454870)))
  (proc
   (eq? _55014 kont54762 x y)
   (let ((x5466554871 (prim eq? x y))) (clo-app kont54762 x5466554871)))
  (proc
   (cons _55015 kont54763 a b)
   (let ((x5466654872 (prim cons a b))) (clo-app kont54763 x5466654872)))
  (proc
   (car _55016 kont54764 lst)
   (let ((x5466754873 (prim car lst))) (clo-app kont54764 x5466754873)))
  (proc
   (cdr _55017 kont54765 lst)
   (let ((x5466854874 (prim cdr lst))) (clo-app kont54765 x5466854874)))
  (proc
   (lam55018 env55019 a5467154878)
   (let ((a5466954875 (env-ref env55019 3)))
     (let ((kont54766 (env-ref env55019 2)))
       (let ((equal? (env-ref env55019 1)))
         (clo-app equal? kont54766 a5466954875 a5467154878)))))
  (proc
   (even? _55022 kont54766 x)
   (let ((a5466954875 '0))
     (let ((a5467054876 '2))
       (let ((f5476754877
              (make-closure lam55018 equal? kont54766 a5466954875)))
         (clo-app modulo f5476754877 x a5467054876)))))
  (proc
   (lam55023 env55024 a5467454882)
   (let ((a5467254879 (env-ref env55024 3)))
     (let ((kont54768 (env-ref env55024 2)))
       (let ((equal? (env-ref env55024 1)))
         (clo-app equal? kont54768 a5467254879 a5467454882)))))
  (proc
   (odd? _55027 kont54768 x)
   (let ((a5467254879 '1))
     (let ((a5467354880 '2))
       (let ((f5476954881
              (make-closure lam55023 equal? kont54768 a5467254879)))
         (clo-app modulo f5476954881 x a5467354880)))))
  (proc
   (list _55028 . x)
   (let ((kont5477054883 (prim car x)))
     (let ((x54884 (prim cdr x))) (clo-app kont5477054883 x54884))))
  (proc
   (lam55031 env55032 a5468054894)
   (let ((member? (env-ref env55032 3)))
     (let ((x (env-ref env55032 2)))
       (let ((kont54772 (env-ref env55032 1)))
         (clo-app member? kont54772 x a5468054894)))))
  (proc
   (lam55033 env55034 a5467854891)
   (let ((cdr (env-ref env55034 5)))
     (let ((lst (env-ref env55034 4)))
       (let ((member? (env-ref env55034 3)))
         (let ((x (env-ref env55034 2)))
           (let ((kont54772 (env-ref env55034 1)))
             (if a5467854891
               (let ((x5467954892 '#t)) (clo-app kont54772 x5467954892))
               (let ((f5477354893 (make-closure lam55031 kont54772 x member?)))
                 (clo-app cdr f5477354893 lst)))))))))
  (proc
   (lam55035 env55036 a5467754889)
   (let ((cdr (env-ref env55036 6)))
     (let ((lst (env-ref env55036 5)))
       (let ((equal? (env-ref env55036 4)))
         (let ((member? (env-ref env55036 3)))
           (let ((x (env-ref env55036 2)))
             (let ((kont54772 (env-ref env55036 1)))
               (let ((f5477454890
                      (make-closure lam55033 kont54772 x member? lst cdr)))
                 (clo-app equal? f5477454890 a5467754889 x)))))))))
  (proc
   (lam55037 env55038 a5467554886)
   (let ((cdr (env-ref env55038 7)))
     (let ((lst (env-ref env55038 6)))
       (let ((equal? (env-ref env55038 5)))
         (let ((car (env-ref env55038 4)))
           (let ((member? (env-ref env55038 3)))
             (let ((x (env-ref env55038 2)))
               (let ((kont54772 (env-ref env55038 1)))
                 (if a5467554886
                   (let ((x5467654887 '#f)) (clo-app kont54772 x5467654887))
                   (let ((f5477554888
                          (make-closure
                           lam55035
                           kont54772
                           x
                           member?
                           equal?
                           lst
                           cdr)))
                     (clo-app car f5477554888 lst)))))))))))
  (proc
   (member? _55039 kont54772 x lst)
   (let ((f5477654885
          (make-closure lam55037 kont54772 x member? car equal? lst cdr)))
     (clo-app null? f5477654885 lst)))
  (proc
   (lam55040 env55041 a5468454902)
   (let ((kont54777 (env-ref env55041 4)))
     (let ((fun (env-ref env55041 3)))
       (let ((a5468354900 (env-ref env55041 2)))
         (let ((foldl (env-ref env55041 1)))
           (clo-app foldl kont54777 fun a5468354900 a5468454902))))))
  (proc
   (lam55042 env55043 a5468354900)
   (let ((lst (env-ref env55043 5)))
     (let ((fun (env-ref env55043 4)))
       (let ((foldl (env-ref env55043 3)))
         (let ((kont54777 (env-ref env55043 2)))
           (let ((cdr (env-ref env55043 1)))
             (let ((f5477854901
                    (make-closure lam55040 foldl a5468354900 fun kont54777)))
               (clo-app cdr f5477854901 lst))))))))
  (proc
   (lam55044 env55045 a5468254898)
   (let ((lst (env-ref env55045 6)))
     (let ((fun (env-ref env55045 5)))
       (let ((acc (env-ref env55045 4)))
         (let ((foldl (env-ref env55045 3)))
           (let ((kont54777 (env-ref env55045 2)))
             (let ((cdr (env-ref env55045 1)))
               (let ((f5477954899
                      (make-closure lam55042 cdr kont54777 foldl fun lst)))
                 (clo-app fun f5477954899 a5468254898 acc)))))))))
  (proc
   (lam55046 env55047 a5468154896)
   (let ((lst (env-ref env55047 7)))
     (let ((fun (env-ref env55047 6)))
       (let ((acc (env-ref env55047 5)))
         (let ((car (env-ref env55047 4)))
           (let ((foldl (env-ref env55047 3)))
             (let ((kont54777 (env-ref env55047 2)))
               (let ((cdr (env-ref env55047 1)))
                 (if a5468154896
                   (clo-app kont54777 acc)
                   (let ((f5478054897
                          (make-closure
                           lam55044
                           cdr
                           kont54777
                           foldl
                           acc
                           fun
                           lst)))
                     (clo-app car f5478054897 lst)))))))))))
  (proc
   (foldl _55048 kont54777 fun acc lst)
   (let ((f5478154895
          (make-closure lam55046 cdr kont54777 foldl car acc fun lst)))
     (clo-app null? f5478154895 lst)))
  (proc
   (lam55049 env55050 a5468854910)
   (let ((a5468654906 (env-ref env55050 3)))
     (let ((kont54782 (env-ref env55050 2)))
       (let ((reverse-helper (env-ref env55050 1)))
         (clo-app reverse-helper kont54782 a5468654906 a5468854910)))))
  (proc
   (lam55051 env55052 a5468754908)
   (let ((a5468654906 (env-ref env55052 5)))
     (let ((kont54782 (env-ref env55052 4)))
       (let ((reverse-helper (env-ref env55052 3)))
         (let ((lst2 (env-ref env55052 2)))
           (let ((cons (env-ref env55052 1)))
             (let ((f5478354909
                    (make-closure
                     lam55049
                     reverse-helper
                     kont54782
                     a5468654906)))
               (clo-app cons f5478354909 a5468754908 lst2))))))))
  (proc
   (lam55053 env55054 a5468654906)
   (let ((lst (env-ref env55054 6)))
     (let ((kont54782 (env-ref env55054 5)))
       (let ((reverse-helper (env-ref env55054 4)))
         (let ((lst2 (env-ref env55054 3)))
           (let ((car (env-ref env55054 2)))
             (let ((cons (env-ref env55054 1)))
               (let ((f5478454907
                      (make-closure
                       lam55051
                       cons
                       lst2
                       reverse-helper
                       kont54782
                       a5468654906)))
                 (clo-app car f5478454907 lst)))))))))
  (proc
   (lam55055 env55056 a5468554904)
   (let ((cdr (env-ref env55056 7)))
     (let ((lst (env-ref env55056 6)))
       (let ((kont54782 (env-ref env55056 5)))
         (let ((reverse-helper (env-ref env55056 4)))
           (let ((lst2 (env-ref env55056 3)))
             (let ((car (env-ref env55056 2)))
               (let ((cons (env-ref env55056 1)))
                 (if a5468554904
                   (clo-app kont54782 lst2)
                   (let ((f5478554905
                          (make-closure
                           lam55053
                           cons
                           car
                           lst2
                           reverse-helper
                           kont54782
                           lst)))
                     (clo-app cdr f5478554905 lst)))))))))))
  (proc
   (reverse-helper _55057 kont54782 lst lst2)
   (let ((f5478654903
          (make-closure
           lam55055
           cons
           car
           lst2
           reverse-helper
           kont54782
           lst
           cdr)))
     (clo-app null? f5478654903 lst)))
  (proc
   (lam55058 env55059 a5468954912)
   (let ((lst (env-ref env55059 3)))
     (let ((reverse-helper (env-ref env55059 2)))
       (let ((kont54787 (env-ref env55059 1)))
         (clo-app reverse-helper kont54787 lst a5468954912)))))
  (proc
   (reverse _55060 kont54787 lst)
   (let ((f5478854911 (make-closure lam55058 kont54787 reverse-helper lst)))
     (clo-app list f5478854911)))
  (proc
   (lam55061 env55062 x5469254917)
   (let ((kont54789 (env-ref env55062 1))) (clo-app kont54789 x5469254917)))
  (proc
   (lam55063 env55064 a5469754926)
   (let ((a5469554922 (env-ref env55064 4)))
     (let ((a5469354919 (env-ref env55064 3)))
       (let ((take-helper (env-ref env55064 2)))
         (let ((kont54789 (env-ref env55064 1)))
           (clo-app
            take-helper
            kont54789
            a5469354919
            a5469554922
            a5469754926))))))
  (proc
   (lam55065 env55066 a5469654924)
   (let ((a5469554922 (env-ref env55066 6)))
     (let ((take-helper (env-ref env55066 5)))
       (let ((kont54789 (env-ref env55066 4)))
         (let ((lst2 (env-ref env55066 3)))
           (let ((cons (env-ref env55066 2)))
             (let ((a5469354919 (env-ref env55066 1)))
               (let ((f5479154925
                      (make-closure
                       lam55063
                       kont54789
                       take-helper
                       a5469354919
                       a5469554922)))
                 (clo-app cons f5479154925 a5469654924 lst2)))))))))
  (proc
   (lam55067 env55068 a5469554922)
   (let ((lst (env-ref env55068 7)))
     (let ((car (env-ref env55068 6)))
       (let ((take-helper (env-ref env55068 5)))
         (let ((kont54789 (env-ref env55068 4)))
           (let ((lst2 (env-ref env55068 3)))
             (let ((cons (env-ref env55068 2)))
               (let ((a5469354919 (env-ref env55068 1)))
                 (let ((f5479254923
                        (make-closure
                         lam55065
                         a5469354919
                         cons
                         lst2
                         kont54789
                         take-helper
                         a5469554922)))
                   (clo-app car f5479254923 lst))))))))))
  (proc
   (lam55070 env55071 a5469354919)
   (let ((lst (env-ref env55071 8)))
     (let ((cons (env-ref env55071 7)))
       (let ((- (env-ref env55071 6)))
         (let ((take-helper (env-ref env55071 5)))
           (let ((kont54789 (env-ref env55071 4)))
             (let ((lst2 (env-ref env55071 3)))
               (let ((n (env-ref env55071 2)))
                 (let ((car (env-ref env55071 1)))
                   (let ((a5469454920 '1))
                     (let ((f5479354921
                            (make-closure
                             lam55067
                             a5469354919
                             cons
                             lst2
                             kont54789
                             take-helper
                             car
                             lst)))
                       (clo-app - f5479354921 n a5469454920))))))))))))
  (proc
   (lam55072 env55073 a5469154915)
   (let ((cdr (env-ref env55073 10)))
     (let ((lst (env-ref env55073 9)))
       (let ((reverse (env-ref env55073 8)))
         (let ((cons (env-ref env55073 7)))
           (let ((- (env-ref env55073 6)))
             (let ((take-helper (env-ref env55073 5)))
               (let ((kont54789 (env-ref env55073 4)))
                 (let ((lst2 (env-ref env55073 3)))
                   (let ((n (env-ref env55073 2)))
                     (let ((car (env-ref env55073 1)))
                       (if a5469154915
                         (let ((f5479054916 (make-closure lam55061 kont54789)))
                           (clo-app reverse f5479054916 lst2))
                         (let ((f5479454918
                                (make-closure
                                 lam55070
                                 car
                                 n
                                 lst2
                                 kont54789
                                 take-helper
                                 -
                                 cons
                                 lst)))
                           (clo-app cdr f5479454918 lst))))))))))))))
  (proc
   (take-helper _55075 kont54789 lst n lst2)
   (let ((a5469054913 '0))
     (let ((f5479554914
            (make-closure
             lam55072
             car
             n
             lst2
             kont54789
             take-helper
             -
             cons
             reverse
             lst
             cdr)))
       (clo-app = f5479554914 n a5469054913))))
  (proc
   (lam55076 env55077 a5469854928)
   (let ((kont54796 (env-ref env55077 4)))
     (let ((lst (env-ref env55077 3)))
       (let ((take-helper (env-ref env55077 2)))
         (let ((n (env-ref env55077 1)))
           (clo-app take-helper kont54796 lst n a5469854928))))))
  (proc
   (take _55078 kont54796 lst n)
   (let ((f5479754927 (make-closure lam55076 n take-helper lst kont54796)))
     (clo-app list f5479754927)))
  (proc
   (lam55080 env55081 a5470354936)
   (let ((kont54798 (env-ref env55081 3)))
     (let ((+ (env-ref env55081 2)))
       (let ((a5470154932 (env-ref env55081 1)))
         (clo-app + kont54798 a5470154932 a5470354936)))))
  (proc
   (lam55082 env55083 a5470254934)
   (let ((+ (env-ref env55083 4)))
     (let ((a5470154932 (env-ref env55083 3)))
       (let ((kont54798 (env-ref env55083 2)))
         (let ((length (env-ref env55083 1)))
           (let ((f5479954935 (make-closure lam55080 a5470154932 + kont54798)))
             (clo-app length f5479954935 a5470254934)))))))
  (proc
   (lam55085 env55086 a5469954930)
   (let ((cdr (env-ref env55086 5)))
     (let ((lst (env-ref env55086 4)))
       (let ((+ (env-ref env55086 3)))
         (let ((kont54798 (env-ref env55086 2)))
           (let ((length (env-ref env55086 1)))
             (if a5469954930
               (let ((x5470054931 '0)) (clo-app kont54798 x5470054931))
               (let ((a5470154932 '1))
                 (let ((f5480054933
                        (make-closure
                         lam55082
                         length
                         kont54798
                         a5470154932
                         +)))
                   (clo-app cdr f5480054933 lst))))))))))
  (proc
   (length _55087 kont54798 lst)
   (let ((f5480154929 (make-closure lam55085 length kont54798 + lst cdr)))
     (clo-app null? f5480154929 lst)))
  (proc
   (lam55088 env55089 x5470554940)
   (let ((kont54802 (env-ref env55089 1))) (clo-app kont54802 x5470554940)))
  (proc
   (lam55090 env55091 a5470954948)
   (let ((a5470754944 (env-ref env55091 3)))
     (let ((kont54802 (env-ref env55091 2)))
       (let ((cons (env-ref env55091 1)))
         (clo-app cons kont54802 a5470754944 a5470954948)))))
  (proc
   (lam55092 env55093 a5470854946)
   (let ((map (env-ref env55093 5)))
     (let ((a5470754944 (env-ref env55093 4)))
       (let ((kont54802 (env-ref env55093 3)))
         (let ((proc (env-ref env55093 2)))
           (let ((cons (env-ref env55093 1)))
             (let ((f5480454947
                    (make-closure lam55090 cons kont54802 a5470754944)))
               (clo-app map f5480454947 proc a5470854946))))))))
  (proc
   (lam55094 env55095 a5470754944)
   (let ((cdr (env-ref env55095 6)))
     (let ((lst (env-ref env55095 5)))
       (let ((map (env-ref env55095 4)))
         (let ((kont54802 (env-ref env55095 3)))
           (let ((proc (env-ref env55095 2)))
             (let ((cons (env-ref env55095 1)))
               (let ((f5480554945
                      (make-closure
                       lam55092
                       cons
                       proc
                       kont54802
                       a5470754944
                       map)))
                 (clo-app cdr f5480554945 lst)))))))))
  (proc
   (lam55096 env55097 a5470654942)
   (let ((cdr (env-ref env55097 6)))
     (let ((lst (env-ref env55097 5)))
       (let ((map (env-ref env55097 4)))
         (let ((kont54802 (env-ref env55097 3)))
           (let ((proc (env-ref env55097 2)))
             (let ((cons (env-ref env55097 1)))
               (let ((f5480654943
                      (make-closure lam55094 cons proc kont54802 map lst cdr)))
                 (clo-app proc f5480654943 a5470654942)))))))))
  (proc
   (lam55098 env55099 a5470454938)
   (let ((lst (env-ref env55099 8)))
     (let ((map (env-ref env55099 7)))
       (let ((kont54802 (env-ref env55099 6)))
         (let ((proc (env-ref env55099 5)))
           (let ((car (env-ref env55099 4)))
             (let ((cons (env-ref env55099 3)))
               (let ((list (env-ref env55099 2)))
                 (let ((cdr (env-ref env55099 1)))
                   (if a5470454938
                     (let ((f5480354939 (make-closure lam55088 kont54802)))
                       (clo-app list f5480354939))
                     (let ((f5480754941
                            (make-closure
                             lam55096
                             cons
                             proc
                             kont54802
                             map
                             lst
                             cdr)))
                       (clo-app car f5480754941 lst))))))))))))
  (proc
   (map _55100 kont54802 proc lst)
   (let ((f5480854937
          (make-closure lam55098 cdr list cons car proc kont54802 map lst)))
     (clo-app null? f5480854937 lst)))
  (proc
   (lam55101 env55102 x5471154952)
   (let ((kont54809 (env-ref env55102 1))) (clo-app kont54809 x5471154952)))
  (proc
   (lam55103 env55104 a5471654962)
   (let ((kont54809 (env-ref env55104 3)))
     (let ((a5471454958 (env-ref env55104 2)))
       (let ((cons (env-ref env55104 1)))
         (clo-app cons kont54809 a5471454958 a5471654962)))))
  (proc
   (lam55105 env55106 a5471554960)
   (let ((kont54809 (env-ref env55106 5)))
     (let ((a5471454958 (env-ref env55106 4)))
       (let ((op (env-ref env55106 3)))
         (let ((filter (env-ref env55106 2)))
           (let ((cons (env-ref env55106 1)))
             (let ((f5481154961
                    (make-closure lam55103 cons a5471454958 kont54809)))
               (clo-app filter f5481154961 op a5471554960))))))))
  (proc
   (lam55107 env55108 a5471454958)
   (let ((lst (env-ref env55108 6)))
     (let ((op (env-ref env55108 5)))
       (let ((filter (env-ref env55108 4)))
         (let ((cons (env-ref env55108 3)))
           (let ((kont54809 (env-ref env55108 2)))
             (let ((cdr (env-ref env55108 1)))
               (let ((f5481254959
                      (make-closure
                       lam55105
                       cons
                       filter
                       op
                       a5471454958
                       kont54809)))
                 (clo-app cdr f5481254959 lst)))))))))
  (proc
   (lam55109 env55110 a5471754964)
   (let ((kont54809 (env-ref env55110 3)))
     (let ((op (env-ref env55110 2)))
       (let ((filter (env-ref env55110 1)))
         (clo-app filter kont54809 op a5471754964)))))
  (proc
   (lam55111 env55112 a5471354956)
   (let ((lst (env-ref env55112 7)))
     (let ((op (env-ref env55112 6)))
       (let ((cons (env-ref env55112 5)))
         (let ((kont54809 (env-ref env55112 4)))
           (let ((cdr (env-ref env55112 3)))
             (let ((filter (env-ref env55112 2)))
               (let ((car (env-ref env55112 1)))
                 (if a5471354956
                   (let ((f5481354957
                          (make-closure
                           lam55107
                           cdr
                           kont54809
                           cons
                           filter
                           op
                           lst)))
                     (clo-app car f5481354957 lst))
                   (let ((f5481454963
                          (make-closure lam55109 filter op kont54809)))
                     (clo-app cdr f5481454963 lst)))))))))))
  (proc
   (lam55113 env55114 a5471254954)
   (let ((lst (env-ref env55114 7)))
     (let ((op (env-ref env55114 6)))
       (let ((cons (env-ref env55114 5)))
         (let ((kont54809 (env-ref env55114 4)))
           (let ((cdr (env-ref env55114 3)))
             (let ((filter (env-ref env55114 2)))
               (let ((car (env-ref env55114 1)))
                 (let ((f5481554955
                        (make-closure
                         lam55111
                         car
                         filter
                         cdr
                         kont54809
                         cons
                         op
                         lst)))
                   (clo-app op f5481554955 a5471254954))))))))))
  (proc
   (lam55115 env55116 a5471054950)
   (let ((lst (env-ref env55116 8)))
     (let ((op (env-ref env55116 7)))
       (let ((cons (env-ref env55116 6)))
         (let ((list (env-ref env55116 5)))
           (let ((kont54809 (env-ref env55116 4)))
             (let ((cdr (env-ref env55116 3)))
               (let ((filter (env-ref env55116 2)))
                 (let ((car (env-ref env55116 1)))
                   (if a5471054950
                     (let ((f5481054951 (make-closure lam55101 kont54809)))
                       (clo-app list f5481054951))
                     (let ((f5481654953
                            (make-closure
                             lam55113
                             car
                             filter
                             cdr
                             kont54809
                             cons
                             op
                             lst)))
                       (clo-app car f5481654953 lst))))))))))))
  (proc
   (filter _55117 kont54809 op lst)
   (let ((f5481754949
          (make-closure lam55115 car filter cdr kont54809 list cons op lst)))
     (clo-app null? f5481754949 lst)))
  (proc
   (lam55118 env55119 a5472254972)
   (let ((a5472054969 (env-ref env55119 3)))
     (let ((drop (env-ref env55119 2)))
       (let ((kont54818 (env-ref env55119 1)))
         (clo-app drop kont54818 a5472054969 a5472254972)))))
  (proc
   (lam55121 env55122 a5472054969)
   (let ((drop (env-ref env55122 4)))
     (let ((kont54818 (env-ref env55122 3)))
       (let ((n (env-ref env55122 2)))
         (let ((- (env-ref env55122 1)))
           (let ((a5472154970 '1))
             (let ((f5481954971
                    (make-closure lam55118 kont54818 drop a5472054969)))
               (clo-app - f5481954971 n a5472154970))))))))
  (proc
   (lam55123 env55124 a5471954967)
   (let ((cdr (env-ref env55124 6)))
     (let ((kont54818 (env-ref env55124 5)))
       (let ((n (env-ref env55124 4)))
         (let ((- (env-ref env55124 3)))
           (let ((lst (env-ref env55124 2)))
             (let ((drop (env-ref env55124 1)))
               (if a5471954967
                 (clo-app kont54818 lst)
                 (let ((f5482054968
                        (make-closure lam55121 - n kont54818 drop)))
                   (clo-app cdr f5482054968 lst))))))))))
  (proc
   (drop _55126 kont54818 lst n)
   (let ((a5471854965 '0))
     (let ((f5482154966 (make-closure lam55123 drop lst - n kont54818 cdr)))
       (clo-app = f5482154966 n a5471854965))))
  (proc
   (lam55127 env55128 a5472654980)
   (let ((a5472454976 (env-ref env55128 3)))
     (let ((proc (env-ref env55128 2)))
       (let ((kont54822 (env-ref env55128 1)))
         (clo-app proc kont54822 a5472454976 a5472654980)))))
  (proc
   (lam55129 env55130 a5472554978)
   (let ((foldr (env-ref env55130 5)))
     (let ((a5472454976 (env-ref env55130 4)))
       (let ((kont54822 (env-ref env55130 3)))
         (let ((proc (env-ref env55130 2)))
           (let ((acc (env-ref env55130 1)))
             (let ((f5482354979
                    (make-closure lam55127 kont54822 proc a5472454976)))
               (clo-app foldr f5482354979 proc acc a5472554978))))))))
  (proc
   (lam55131 env55132 a5472454976)
   (let ((cdr (env-ref env55132 6)))
     (let ((kont54822 (env-ref env55132 5)))
       (let ((foldr (env-ref env55132 4)))
         (let ((lst (env-ref env55132 3)))
           (let ((proc (env-ref env55132 2)))
             (let ((acc (env-ref env55132 1)))
               (let ((f5482454977
                      (make-closure
                       lam55129
                       acc
                       proc
                       kont54822
                       a5472454976
                       foldr)))
                 (clo-app cdr f5482454977 lst)))))))))
  (proc
   (lam55133 env55134 a5472354974)
   (let ((cdr (env-ref env55134 7)))
     (let ((foldr (env-ref env55134 6)))
       (let ((lst (env-ref env55134 5)))
         (let ((proc (env-ref env55134 4)))
           (let ((acc (env-ref env55134 3)))
             (let ((kont54822 (env-ref env55134 2)))
               (let ((car (env-ref env55134 1)))
                 (if a5472354974
                   (clo-app kont54822 acc)
                   (let ((f5482554975
                          (make-closure
                           lam55131
                           acc
                           proc
                           lst
                           foldr
                           kont54822
                           cdr)))
                     (clo-app car f5482554975 lst)))))))))))
  (proc
   (foldr _55135 kont54822 proc acc lst)
   (let ((f5482654973
          (make-closure lam55133 car kont54822 acc proc lst foldr cdr)))
     (clo-app null? f5482654973 lst)))
  (proc
   (lam55136 env55137 a5473054988)
   (let ((kont54827 (env-ref env55137 3)))
     (let ((cons (env-ref env55137 2)))
       (let ((a5472854984 (env-ref env55137 1)))
         (clo-app cons kont54827 a5472854984 a5473054988)))))
  (proc
   (lam55138 env55139 a5472954986)
   (let ((kont54827 (env-ref env55139 5)))
     (let ((append (env-ref env55139 4)))
       (let ((lst2 (env-ref env55139 3)))
         (let ((cons (env-ref env55139 2)))
           (let ((a5472854984 (env-ref env55139 1)))
             (let ((f5482854987
                    (make-closure lam55136 a5472854984 cons kont54827)))
               (clo-app append f5482854987 a5472954986 lst2))))))))
  (proc
   (lam55140 env55141 a5472854984)
   (let ((cdr (env-ref env55141 6)))
     (let ((kont54827 (env-ref env55141 5)))
       (let ((append (env-ref env55141 4)))
         (let ((lst2 (env-ref env55141 3)))
           (let ((lst1 (env-ref env55141 2)))
             (let ((cons (env-ref env55141 1)))
               (let ((f5482954985
                      (make-closure
                       lam55138
                       a5472854984
                       cons
                       lst2
                       append
                       kont54827)))
                 (clo-app cdr f5482954985 lst1)))))))))
  (proc
   (lam55142 env55143 a5472754982)
   (let ((cdr (env-ref env55143 7)))
     (let ((kont54827 (env-ref env55143 6)))
       (let ((append (env-ref env55143 5)))
         (let ((lst2 (env-ref env55143 4)))
           (let ((cons (env-ref env55143 3)))
             (let ((lst1 (env-ref env55143 2)))
               (let ((car (env-ref env55143 1)))
                 (if a5472754982
                   (clo-app kont54827 lst2)
                   (let ((f5483054983
                          (make-closure
                           lam55140
                           cons
                           lst1
                           lst2
                           append
                           kont54827
                           cdr)))
                     (clo-app car f5483054983 lst1)))))))))))
  (proc
   (append _55144 kont54827 lst1 lst2)
   (let ((f5483154981
          (make-closure lam55142 car lst1 cons lst2 append kont54827 cdr)))
     (clo-app null? f5483154981 lst1)))
  (proc
   (hash _55145 . lst)
   (let ((kont5483254989 (prim car lst)))
     (let ((lst54990 (prim cdr lst)))
       (let ((x5473154991 (apply-prim hash lst54990)))
         (clo-app kont5483254989 x5473154991)))))
  (proc
   (hash-ref _55146 kont54834 h k)
   (let ((x5473254992 (prim hash-ref h k))) (clo-app kont54834 x5473254992)))
  (proc
   (hash-set _55147 kont54835 h k v)
   (let ((x5473354993 (prim hash-set h k v))) (clo-app kont54835 x5473354993)))
  (proc
   (hash-has-key? _55148 kont54836 h k)
   (let ((x5473454994 (prim hash-has-key? h k)))
     (clo-app kont54836 x5473454994)))
  (proc
   (hash-count _55149 kont54837 h)
   (let ((x5473554995 (prim hash-count h))) (clo-app kont54837 x5473554995)))
  (proc
   (call _55154 kont54838)
   (let ((a5473654996 '100))
     (let ((a5473754997 '80))
       (let ((a5473854998 '10))
         (let ((a5473954999 '2))
           (clo-app
            hash
            kont54838
            a5473654996
            a5473754997
            a5473854998
            a5473954999))))))
  (proc
   (lam55155 env55156 x5474055001)
   (let ((kont54839 (env-ref env55156 1))) (clo-app kont54839 x5474055001)))
  (proc
   (brouhaha_main _55157 kont54839)
   (let ((f5484055000 (make-closure lam55155 kont54839)))
     (clo-app call f5484055000))))
