'((proc
   (+ _82943 . lst)
   (let ((kont8267682777 (prim car lst)))
     (let ((lst82778 (prim cdr lst)))
       (let ((x8258482779 (apply-prim + lst82778)))
         (clo-app kont8267682777 x8258482779)))))
  (proc
   (- _82944 . lst)
   (let ((kont8267882780 (prim car lst)))
     (let ((lst82781 (prim cdr lst)))
       (let ((x8258582782 (apply-prim - lst82781)))
         (clo-app kont8267882780 x8258582782)))))
  (proc
   (* _82945 . lst)
   (let ((kont8268082783 (prim car lst)))
     (let ((lst82784 (prim cdr lst)))
       (let ((x8258682785 (apply-prim * lst82784)))
         (clo-app kont8268082783 x8258682785)))))
  (proc
   (modulo _82946 kont82682 a b)
   (let ((x8258782786 (prim modulo a b))) (clo-app kont82682 x8258782786)))
  (proc
   (/ _82947 . lst)
   (let ((kont8268382787 (prim car lst)))
     (let ((lst82788 (prim cdr lst)))
       (let ((x8258882789 (apply-prim / lst82788)))
         (clo-app kont8268382787 x8258882789)))))
  (proc
   (= _82948 . lst)
   (let ((kont8268582790 (prim car lst)))
     (let ((lst82791 (prim cdr lst)))
       (let ((x8258982792 (apply-prim = lst82791)))
         (clo-app kont8268582790 x8258982792)))))
  (proc
   (> _82949 . lst)
   (let ((kont8268782793 (prim car lst)))
     (let ((lst82794 (prim cdr lst)))
       (let ((x8259082795 (apply-prim > lst82794)))
         (clo-app kont8268782793 x8259082795)))))
  (proc
   (< _82950 . lst)
   (let ((kont8268982796 (prim car lst)))
     (let ((lst82797 (prim cdr lst)))
       (let ((x8259182798 (apply-prim < lst82797)))
         (clo-app kont8268982796 x8259182798)))))
  (proc
   (<= _82951 . lst)
   (let ((kont8269182799 (prim car lst)))
     (let ((lst82800 (prim cdr lst)))
       (let ((x8259282801 (apply-prim <= lst82800)))
         (clo-app kont8269182799 x8259282801)))))
  (proc
   (>= _82952 . lst)
   (let ((kont8269382802 (prim car lst)))
     (let ((lst82803 (prim cdr lst)))
       (let ((x8259382804 (apply-prim >= lst82803)))
         (clo-app kont8269382802 x8259382804)))))
  (proc
   (null? _82953 kont82695 x)
   (let ((x8259482805 (prim null? x))) (clo-app kont82695 x8259482805)))
  (proc
   (equal? _82954 kont82696 x y)
   (let ((x8259582806 (prim equal? x y))) (clo-app kont82696 x8259582806)))
  (proc
   (eq? _82955 kont82697 x y)
   (let ((x8259682807 (prim eq? x y))) (clo-app kont82697 x8259682807)))
  (proc
   (cons _82956 kont82698 a b)
   (let ((x8259782808 (prim cons a b))) (clo-app kont82698 x8259782808)))
  (proc
   (car _82957 kont82699 lst)
   (let ((x8259882809 (prim car lst))) (clo-app kont82699 x8259882809)))
  (proc
   (cdr _82958 kont82700 lst)
   (let ((x8259982810 (prim cdr lst))) (clo-app kont82700 x8259982810)))
  (proc
   (lam82959 env82960 a8260282814)
   (let ((a8260082811 (env-ref env82960 3)))
     (let ((equal? (env-ref env82960 2)))
       (let ((kont82701 (env-ref env82960 1)))
         (clo-app equal? kont82701 a8260082811 a8260282814)))))
  (proc
   (even? _82963 kont82701 x)
   (let ((a8260082811 '0))
     (let ((a8260182812 '2))
       (let ((f8270282813
              (make-closure lam82959 kont82701 equal? a8260082811)))
         (clo-app modulo f8270282813 x a8260182812)))))
  (proc
   (lam82964 env82965 a8260582818)
   (let ((equal? (env-ref env82965 3)))
     (let ((a8260382815 (env-ref env82965 2)))
       (let ((kont82703 (env-ref env82965 1)))
         (clo-app equal? kont82703 a8260382815 a8260582818)))))
  (proc
   (odd? _82968 kont82703 x)
   (let ((a8260382815 '1))
     (let ((a8260482816 '2))
       (let ((f8270482817
              (make-closure lam82964 kont82703 a8260382815 equal?)))
         (clo-app modulo f8270482817 x a8260482816)))))
  (proc
   (list _82969 . x)
   (let ((kont8270582819 (prim car x)))
     (let ((x82820 (prim cdr x))) (clo-app kont8270582819 x82820))))
  (proc
   (lam82972 env82973 a8261182830)
   (let ((x (env-ref env82973 3)))
     (let ((kont82707 (env-ref env82973 2)))
       (let ((member? (env-ref env82973 1)))
         (clo-app member? kont82707 x a8261182830)))))
  (proc
   (lam82974 env82975 a8260982827)
   (let ((cdr (env-ref env82975 5)))
     (let ((lst (env-ref env82975 4)))
       (let ((x (env-ref env82975 3)))
         (let ((kont82707 (env-ref env82975 2)))
           (let ((member? (env-ref env82975 1)))
             (if a8260982827
               (let ((x8261082828 '#t)) (clo-app kont82707 x8261082828))
               (let ((f8270882829 (make-closure lam82972 member? kont82707 x)))
                 (clo-app cdr f8270882829 lst)))))))))
  (proc
   (lam82976 env82977 a8260882825)
   (let ((cdr (env-ref env82977 6)))
     (let ((lst (env-ref env82977 5)))
       (let ((equal? (env-ref env82977 4)))
         (let ((x (env-ref env82977 3)))
           (let ((kont82707 (env-ref env82977 2)))
             (let ((member? (env-ref env82977 1)))
               (let ((f8270982826
                      (make-closure lam82974 member? kont82707 x lst cdr)))
                 (clo-app equal? f8270982826 a8260882825 x)))))))))
  (proc
   (lam82978 env82979 a8260682822)
   (let ((cdr (env-ref env82979 7)))
     (let ((lst (env-ref env82979 6)))
       (let ((equal? (env-ref env82979 5)))
         (let ((x (env-ref env82979 4)))
           (let ((car (env-ref env82979 3)))
             (let ((kont82707 (env-ref env82979 2)))
               (let ((member? (env-ref env82979 1)))
                 (if a8260682822
                   (let ((x8260782823 '#f)) (clo-app kont82707 x8260782823))
                   (let ((f8271082824
                          (make-closure
                           lam82976
                           member?
                           kont82707
                           x
                           equal?
                           lst
                           cdr)))
                     (clo-app car f8271082824 lst)))))))))))
  (proc
   (member? _82980 kont82707 x lst)
   (let ((f8271182821
          (make-closure lam82978 member? kont82707 car x equal? lst cdr)))
     (clo-app null? f8271182821 lst)))
  (proc
   (lam82981 env82982 a8261582838)
   (let ((kont82712 (env-ref env82982 4)))
     (let ((fun (env-ref env82982 3)))
       (let ((foldl (env-ref env82982 2)))
         (let ((a8261482836 (env-ref env82982 1)))
           (clo-app foldl kont82712 fun a8261482836 a8261582838))))))
  (proc
   (lam82983 env82984 a8261482836)
   (let ((cdr (env-ref env82984 5)))
     (let ((kont82712 (env-ref env82984 4)))
       (let ((lst (env-ref env82984 3)))
         (let ((fun (env-ref env82984 2)))
           (let ((foldl (env-ref env82984 1)))
             (let ((f8271382837
                    (make-closure lam82981 a8261482836 foldl fun kont82712)))
               (clo-app cdr f8271382837 lst))))))))
  (proc
   (lam82985 env82986 a8261382834)
   (let ((cdr (env-ref env82986 6)))
     (let ((kont82712 (env-ref env82986 5)))
       (let ((lst (env-ref env82986 4)))
         (let ((fun (env-ref env82986 3)))
           (let ((acc (env-ref env82986 2)))
             (let ((foldl (env-ref env82986 1)))
               (let ((f8271482835
                      (make-closure lam82983 foldl fun lst kont82712 cdr)))
                 (clo-app fun f8271482835 a8261382834 acc)))))))))
  (proc
   (lam82987 env82988 a8261282832)
   (let ((cdr (env-ref env82988 7)))
     (let ((kont82712 (env-ref env82988 6)))
       (let ((lst (env-ref env82988 5)))
         (let ((fun (env-ref env82988 4)))
           (let ((acc (env-ref env82988 3)))
             (let ((car (env-ref env82988 2)))
               (let ((foldl (env-ref env82988 1)))
                 (if a8261282832
                   (clo-app kont82712 acc)
                   (let ((f8271582833
                          (make-closure
                           lam82985
                           foldl
                           acc
                           fun
                           lst
                           kont82712
                           cdr)))
                     (clo-app car f8271582833 lst)))))))))))
  (proc
   (foldl _82989 kont82712 fun acc lst)
   (let ((f8271682831
          (make-closure lam82987 foldl car acc fun lst kont82712 cdr)))
     (clo-app null? f8271682831 lst)))
  (proc
   (lam82990 env82991 a8261982846)
   (let ((a8261782842 (env-ref env82991 3)))
     (let ((reverse-helper (env-ref env82991 2)))
       (let ((kont82717 (env-ref env82991 1)))
         (clo-app reverse-helper kont82717 a8261782842 a8261982846)))))
  (proc
   (lam82992 env82993 a8261882844)
   (let ((a8261782842 (env-ref env82993 5)))
     (let ((reverse-helper (env-ref env82993 4)))
       (let ((kont82717 (env-ref env82993 3)))
         (let ((lst2 (env-ref env82993 2)))
           (let ((cons (env-ref env82993 1)))
             (let ((f8271882845
                    (make-closure
                     lam82990
                     kont82717
                     reverse-helper
                     a8261782842)))
               (clo-app cons f8271882845 a8261882844 lst2))))))))
  (proc
   (lam82994 env82995 a8261782842)
   (let ((lst (env-ref env82995 6)))
     (let ((reverse-helper (env-ref env82995 5)))
       (let ((kont82717 (env-ref env82995 4)))
         (let ((lst2 (env-ref env82995 3)))
           (let ((car (env-ref env82995 2)))
             (let ((cons (env-ref env82995 1)))
               (let ((f8271982843
                      (make-closure
                       lam82992
                       cons
                       lst2
                       kont82717
                       reverse-helper
                       a8261782842)))
                 (clo-app car f8271982843 lst)))))))))
  (proc
   (lam82996 env82997 a8261682840)
   (let ((cdr (env-ref env82997 7)))
     (let ((lst (env-ref env82997 6)))
       (let ((reverse-helper (env-ref env82997 5)))
         (let ((kont82717 (env-ref env82997 4)))
           (let ((lst2 (env-ref env82997 3)))
             (let ((car (env-ref env82997 2)))
               (let ((cons (env-ref env82997 1)))
                 (if a8261682840
                   (clo-app kont82717 lst2)
                   (let ((f8272082841
                          (make-closure
                           lam82994
                           cons
                           car
                           lst2
                           kont82717
                           reverse-helper
                           lst)))
                     (clo-app cdr f8272082841 lst)))))))))))
  (proc
   (reverse-helper _82998 kont82717 lst lst2)
   (let ((f8272182839
          (make-closure
           lam82996
           cons
           car
           lst2
           kont82717
           reverse-helper
           lst
           cdr)))
     (clo-app null? f8272182839 lst)))
  (proc
   (lam82999 env83000 a8262082848)
   (let ((lst (env-ref env83000 3)))
     (let ((reverse-helper (env-ref env83000 2)))
       (let ((kont82722 (env-ref env83000 1)))
         (clo-app reverse-helper kont82722 lst a8262082848)))))
  (proc
   (reverse _83001 kont82722 lst)
   (let ((f8272382847 (make-closure lam82999 kont82722 reverse-helper lst)))
     (clo-app list f8272382847)))
  (proc
   (lam83002 env83003 x8262382853)
   (let ((kont82724 (env-ref env83003 1))) (clo-app kont82724 x8262382853)))
  (proc
   (lam83004 env83005 a8262882862)
   (let ((a8262482855 (env-ref env83005 4)))
     (let ((a8262682858 (env-ref env83005 3)))
       (let ((take-helper (env-ref env83005 2)))
         (let ((kont82724 (env-ref env83005 1)))
           (clo-app
            take-helper
            kont82724
            a8262482855
            a8262682858
            a8262882862))))))
  (proc
   (lam83006 env83007 a8262782860)
   (let ((a8262482855 (env-ref env83007 6)))
     (let ((a8262682858 (env-ref env83007 5)))
       (let ((cons (env-ref env83007 4)))
         (let ((kont82724 (env-ref env83007 3)))
           (let ((take-helper (env-ref env83007 2)))
             (let ((lst2 (env-ref env83007 1)))
               (let ((f8272682861
                      (make-closure
                       lam83004
                       kont82724
                       take-helper
                       a8262682858
                       a8262482855)))
                 (clo-app cons f8272682861 a8262782860 lst2)))))))))
  (proc
   (lam83008 env83009 a8262682858)
   (let ((a8262482855 (env-ref env83009 7)))
     (let ((lst (env-ref env83009 6)))
       (let ((car (env-ref env83009 5)))
         (let ((cons (env-ref env83009 4)))
           (let ((kont82724 (env-ref env83009 3)))
             (let ((take-helper (env-ref env83009 2)))
               (let ((lst2 (env-ref env83009 1)))
                 (let ((f8272782859
                        (make-closure
                         lam83006
                         lst2
                         take-helper
                         kont82724
                         cons
                         a8262682858
                         a8262482855)))
                   (clo-app car f8272782859 lst))))))))))
  (proc
   (lam83011 env83012 a8262482855)
   (let ((lst (env-ref env83012 8)))
     (let ((cons (env-ref env83012 7)))
       (let ((take-helper (env-ref env83012 6)))
         (let ((lst2 (env-ref env83012 5)))
           (let ((n (env-ref env83012 4)))
             (let ((car (env-ref env83012 3)))
               (let ((kont82724 (env-ref env83012 2)))
                 (let ((- (env-ref env83012 1)))
                   (let ((a8262582856 '1))
                     (let ((f8272882857
                            (make-closure
                             lam83008
                             lst2
                             take-helper
                             kont82724
                             cons
                             car
                             lst
                             a8262482855)))
                       (clo-app - f8272882857 n a8262582856))))))))))))
  (proc
   (lam83013 env83014 a8262282851)
   (let ((cdr (env-ref env83014 10)))
     (let ((lst (env-ref env83014 9)))
       (let ((reverse (env-ref env83014 8)))
         (let ((cons (env-ref env83014 7)))
           (let ((take-helper (env-ref env83014 6)))
             (let ((lst2 (env-ref env83014 5)))
               (let ((n (env-ref env83014 4)))
                 (let ((car (env-ref env83014 3)))
                   (let ((kont82724 (env-ref env83014 2)))
                     (let ((- (env-ref env83014 1)))
                       (if a8262282851
                         (let ((f8272582852 (make-closure lam83002 kont82724)))
                           (clo-app reverse f8272582852 lst2))
                         (let ((f8272982854
                                (make-closure
                                 lam83011
                                 -
                                 kont82724
                                 car
                                 n
                                 lst2
                                 take-helper
                                 cons
                                 lst)))
                           (clo-app cdr f8272982854 lst))))))))))))))
  (proc
   (take-helper _83016 kont82724 lst n lst2)
   (let ((a8262182849 '0))
     (let ((f8273082850
            (make-closure
             lam83013
             -
             kont82724
             car
             n
             lst2
             take-helper
             cons
             reverse
             lst
             cdr)))
       (clo-app = f8273082850 n a8262182849))))
  (proc
   (lam83017 env83018 a8262982864)
   (let ((lst (env-ref env83018 4)))
     (let ((kont82731 (env-ref env83018 3)))
       (let ((take-helper (env-ref env83018 2)))
         (let ((n (env-ref env83018 1)))
           (clo-app take-helper kont82731 lst n a8262982864))))))
  (proc
   (take _83019 kont82731 lst n)
   (let ((f8273282863 (make-closure lam83017 n take-helper kont82731 lst)))
     (clo-app list f8273282863)))
  (proc
   (lam83021 env83022 a8263482872)
   (let ((kont82733 (env-ref env83022 3)))
     (let ((+ (env-ref env83022 2)))
       (let ((a8263282868 (env-ref env83022 1)))
         (clo-app + kont82733 a8263282868 a8263482872)))))
  (proc
   (lam83023 env83024 a8263382870)
   (let ((length (env-ref env83024 4)))
     (let ((kont82733 (env-ref env83024 3)))
       (let ((+ (env-ref env83024 2)))
         (let ((a8263282868 (env-ref env83024 1)))
           (let ((f8273482871 (make-closure lam83021 a8263282868 + kont82733)))
             (clo-app length f8273482871 a8263382870)))))))
  (proc
   (lam83026 env83027 a8263082866)
   (let ((cdr (env-ref env83027 5)))
     (let ((lst (env-ref env83027 4)))
       (let ((length (env-ref env83027 3)))
         (let ((kont82733 (env-ref env83027 2)))
           (let ((+ (env-ref env83027 1)))
             (if a8263082866
               (let ((x8263182867 '0)) (clo-app kont82733 x8263182867))
               (let ((a8263282868 '1))
                 (let ((f8273582869
                        (make-closure
                         lam83023
                         a8263282868
                         +
                         kont82733
                         length)))
                   (clo-app cdr f8273582869 lst))))))))))
  (proc
   (length _83028 kont82733 lst)
   (let ((f8273682865 (make-closure lam83026 + kont82733 length lst cdr)))
     (clo-app null? f8273682865 lst)))
  (proc
   (lam83029 env83030 x8263682876)
   (let ((kont82737 (env-ref env83030 1))) (clo-app kont82737 x8263682876)))
  (proc
   (lam83031 env83032 a8264082884)
   (let ((a8263882880 (env-ref env83032 3)))
     (let ((kont82737 (env-ref env83032 2)))
       (let ((cons (env-ref env83032 1)))
         (clo-app cons kont82737 a8263882880 a8264082884)))))
  (proc
   (lam83033 env83034 a8263982882)
   (let ((map (env-ref env83034 5)))
     (let ((kont82737 (env-ref env83034 4)))
       (let ((cons (env-ref env83034 3)))
         (let ((proc (env-ref env83034 2)))
           (let ((a8263882880 (env-ref env83034 1)))
             (let ((f8273982883
                    (make-closure lam83031 cons kont82737 a8263882880)))
               (clo-app map f8273982883 proc a8263982882))))))))
  (proc
   (lam83035 env83036 a8263882880)
   (let ((cdr (env-ref env83036 6)))
     (let ((lst (env-ref env83036 5)))
       (let ((map (env-ref env83036 4)))
         (let ((proc (env-ref env83036 3)))
           (let ((kont82737 (env-ref env83036 2)))
             (let ((cons (env-ref env83036 1)))
               (let ((f8274082881
                      (make-closure
                       lam83033
                       a8263882880
                       proc
                       cons
                       kont82737
                       map)))
                 (clo-app cdr f8274082881 lst)))))))))
  (proc
   (lam83037 env83038 a8263782878)
   (let ((cdr (env-ref env83038 6)))
     (let ((lst (env-ref env83038 5)))
       (let ((map (env-ref env83038 4)))
         (let ((proc (env-ref env83038 3)))
           (let ((kont82737 (env-ref env83038 2)))
             (let ((cons (env-ref env83038 1)))
               (let ((f8274182879
                      (make-closure lam83035 cons kont82737 proc map lst cdr)))
                 (clo-app proc f8274182879 a8263782878)))))))))
  (proc
   (lam83039 env83040 a8263582874)
   (let ((lst (env-ref env83040 8)))
     (let ((map (env-ref env83040 7)))
       (let ((proc (env-ref env83040 6)))
         (let ((kont82737 (env-ref env83040 5)))
           (let ((car (env-ref env83040 4)))
             (let ((cons (env-ref env83040 3)))
               (let ((list (env-ref env83040 2)))
                 (let ((cdr (env-ref env83040 1)))
                   (if a8263582874
                     (let ((f8273882875 (make-closure lam83029 kont82737)))
                       (clo-app list f8273882875))
                     (let ((f8274282877
                            (make-closure
                             lam83037
                             cons
                             kont82737
                             proc
                             map
                             lst
                             cdr)))
                       (clo-app car f8274282877 lst))))))))))))
  (proc
   (map _83041 kont82737 proc lst)
   (let ((f8274382873
          (make-closure lam83039 cdr list cons car kont82737 proc map lst)))
     (clo-app null? f8274382873 lst)))
  (proc
   (lam83042 env83043 x8264282888)
   (let ((kont82744 (env-ref env83043 1))) (clo-app kont82744 x8264282888)))
  (proc
   (lam83044 env83045 a8264782898)
   (let ((kont82744 (env-ref env83045 3)))
     (let ((a8264582894 (env-ref env83045 2)))
       (let ((cons (env-ref env83045 1)))
         (clo-app cons kont82744 a8264582894 a8264782898)))))
  (proc
   (lam83046 env83047 a8264682896)
   (let ((kont82744 (env-ref env83047 5)))
     (let ((op (env-ref env83047 4)))
       (let ((a8264582894 (env-ref env83047 3)))
         (let ((filter (env-ref env83047 2)))
           (let ((cons (env-ref env83047 1)))
             (let ((f8274682897
                    (make-closure lam83044 cons a8264582894 kont82744)))
               (clo-app filter f8274682897 op a8264682896))))))))
  (proc
   (lam83048 env83049 a8264582894)
   (let ((cdr (env-ref env83049 6)))
     (let ((kont82744 (env-ref env83049 5)))
       (let ((lst (env-ref env83049 4)))
         (let ((op (env-ref env83049 3)))
           (let ((filter (env-ref env83049 2)))
             (let ((cons (env-ref env83049 1)))
               (let ((f8274782895
                      (make-closure
                       lam83046
                       cons
                       filter
                       a8264582894
                       op
                       kont82744)))
                 (clo-app cdr f8274782895 lst)))))))))
  (proc
   (lam83050 env83051 a8264882900)
   (let ((kont82744 (env-ref env83051 3)))
     (let ((op (env-ref env83051 2)))
       (let ((filter (env-ref env83051 1)))
         (clo-app filter kont82744 op a8264882900)))))
  (proc
   (lam83052 env83053 a8264482892)
   (let ((cdr (env-ref env83053 7)))
     (let ((kont82744 (env-ref env83053 6)))
       (let ((lst (env-ref env83053 5)))
         (let ((op (env-ref env83053 4)))
           (let ((cons (env-ref env83053 3)))
             (let ((filter (env-ref env83053 2)))
               (let ((car (env-ref env83053 1)))
                 (if a8264482892
                   (let ((f8274882893
                          (make-closure
                           lam83048
                           cons
                           filter
                           op
                           lst
                           kont82744
                           cdr)))
                     (clo-app car f8274882893 lst))
                   (let ((f8274982899
                          (make-closure lam83050 filter op kont82744)))
                     (clo-app cdr f8274982899 lst)))))))))))
  (proc
   (lam83054 env83055 a8264382890)
   (let ((cdr (env-ref env83055 7)))
     (let ((kont82744 (env-ref env83055 6)))
       (let ((lst (env-ref env83055 5)))
         (let ((op (env-ref env83055 4)))
           (let ((cons (env-ref env83055 3)))
             (let ((filter (env-ref env83055 2)))
               (let ((car (env-ref env83055 1)))
                 (let ((f8275082891
                        (make-closure
                         lam83052
                         car
                         filter
                         cons
                         op
                         lst
                         kont82744
                         cdr)))
                   (clo-app op f8275082891 a8264382890))))))))))
  (proc
   (lam83056 env83057 a8264182886)
   (let ((kont82744 (env-ref env83057 8)))
     (let ((lst (env-ref env83057 7)))
       (let ((op (env-ref env83057 6)))
         (let ((cons (env-ref env83057 5)))
           (let ((list (env-ref env83057 4)))
             (let ((cdr (env-ref env83057 3)))
               (let ((filter (env-ref env83057 2)))
                 (let ((car (env-ref env83057 1)))
                   (if a8264182886
                     (let ((f8274582887 (make-closure lam83042 kont82744)))
                       (clo-app list f8274582887))
                     (let ((f8275182889
                            (make-closure
                             lam83054
                             car
                             filter
                             cons
                             op
                             lst
                             kont82744
                             cdr)))
                       (clo-app car f8275182889 lst))))))))))))
  (proc
   (filter _83058 kont82744 op lst)
   (let ((f8275282885
          (make-closure lam83056 car filter cdr list cons op lst kont82744)))
     (clo-app null? f8275282885 lst)))
  (proc
   (lam83059 env83060 a8265382908)
   (let ((kont82753 (env-ref env83060 3)))
     (let ((a8265182905 (env-ref env83060 2)))
       (let ((drop (env-ref env83060 1)))
         (clo-app drop kont82753 a8265182905 a8265382908)))))
  (proc
   (lam83062 env83063 a8265182905)
   (let ((drop (env-ref env83063 4)))
     (let ((kont82753 (env-ref env83063 3)))
       (let ((n (env-ref env83063 2)))
         (let ((- (env-ref env83063 1)))
           (let ((a8265282906 '1))
             (let ((f8275482907
                    (make-closure lam83059 drop a8265182905 kont82753)))
               (clo-app - f8275482907 n a8265282906))))))))
  (proc
   (lam83064 env83065 a8265082903)
   (let ((cdr (env-ref env83065 6)))
     (let ((kont82753 (env-ref env83065 5)))
       (let ((n (env-ref env83065 4)))
         (let ((- (env-ref env83065 3)))
           (let ((lst (env-ref env83065 2)))
             (let ((drop (env-ref env83065 1)))
               (if a8265082903
                 (clo-app kont82753 lst)
                 (let ((f8275582904
                        (make-closure lam83062 - n kont82753 drop)))
                   (clo-app cdr f8275582904 lst))))))))))
  (proc
   (drop _83067 kont82753 lst n)
   (let ((a8264982901 '0))
     (let ((f8275682902 (make-closure lam83064 drop lst - n kont82753 cdr)))
       (clo-app = f8275682902 n a8264982901))))
  (proc
   (lam83068 env83069 a8265782916)
   (let ((kont82757 (env-ref env83069 3)))
     (let ((proc (env-ref env83069 2)))
       (let ((a8265582912 (env-ref env83069 1)))
         (clo-app proc kont82757 a8265582912 a8265782916)))))
  (proc
   (lam83070 env83071 a8265682914)
   (let ((kont82757 (env-ref env83071 5)))
     (let ((foldr (env-ref env83071 4)))
       (let ((proc (env-ref env83071 3)))
         (let ((acc (env-ref env83071 2)))
           (let ((a8265582912 (env-ref env83071 1)))
             (let ((f8275882915
                    (make-closure lam83068 a8265582912 proc kont82757)))
               (clo-app foldr f8275882915 proc acc a8265682914))))))))
  (proc
   (lam83072 env83073 a8265582912)
   (let ((kont82757 (env-ref env83073 6)))
     (let ((cdr (env-ref env83073 5)))
       (let ((foldr (env-ref env83073 4)))
         (let ((lst (env-ref env83073 3)))
           (let ((proc (env-ref env83073 2)))
             (let ((acc (env-ref env83073 1)))
               (let ((f8275982913
                      (make-closure
                       lam83070
                       a8265582912
                       acc
                       proc
                       foldr
                       kont82757)))
                 (clo-app cdr f8275982913 lst)))))))))
  (proc
   (lam83074 env83075 a8265482910)
   (let ((car (env-ref env83075 7)))
     (let ((kont82757 (env-ref env83075 6)))
       (let ((cdr (env-ref env83075 5)))
         (let ((foldr (env-ref env83075 4)))
           (let ((lst (env-ref env83075 3)))
             (let ((proc (env-ref env83075 2)))
               (let ((acc (env-ref env83075 1)))
                 (if a8265482910
                   (clo-app kont82757 acc)
                   (let ((f8276082911
                          (make-closure
                           lam83072
                           acc
                           proc
                           lst
                           foldr
                           cdr
                           kont82757)))
                     (clo-app car f8276082911 lst)))))))))))
  (proc
   (foldr _83076 kont82757 proc acc lst)
   (let ((f8276182909
          (make-closure lam83074 acc proc lst foldr cdr kont82757 car)))
     (clo-app null? f8276182909 lst)))
  (proc
   (lam83077 env83078 a8266182924)
   (let ((a8265982920 (env-ref env83078 3)))
     (let ((kont82762 (env-ref env83078 2)))
       (let ((cons (env-ref env83078 1)))
         (clo-app cons kont82762 a8265982920 a8266182924)))))
  (proc
   (lam83079 env83080 a8266082922)
   (let ((a8265982920 (env-ref env83080 5)))
     (let ((kont82762 (env-ref env83080 4)))
       (let ((append (env-ref env83080 3)))
         (let ((lst2 (env-ref env83080 2)))
           (let ((cons (env-ref env83080 1)))
             (let ((f8276382923
                    (make-closure lam83077 cons kont82762 a8265982920)))
               (clo-app append f8276382923 a8266082922 lst2))))))))
  (proc
   (lam83081 env83082 a8265982920)
   (let ((cdr (env-ref env83082 6)))
     (let ((kont82762 (env-ref env83082 5)))
       (let ((append (env-ref env83082 4)))
         (let ((lst2 (env-ref env83082 3)))
           (let ((lst1 (env-ref env83082 2)))
             (let ((cons (env-ref env83082 1)))
               (let ((f8276482921
                      (make-closure
                       lam83079
                       cons
                       lst2
                       append
                       kont82762
                       a8265982920)))
                 (clo-app cdr f8276482921 lst1)))))))))
  (proc
   (lam83083 env83084 a8265882918)
   (let ((cdr (env-ref env83084 7)))
     (let ((kont82762 (env-ref env83084 6)))
       (let ((append (env-ref env83084 5)))
         (let ((lst2 (env-ref env83084 4)))
           (let ((cons (env-ref env83084 3)))
             (let ((lst1 (env-ref env83084 2)))
               (let ((car (env-ref env83084 1)))
                 (if a8265882918
                   (clo-app kont82762 lst2)
                   (let ((f8276582919
                          (make-closure
                           lam83081
                           cons
                           lst1
                           lst2
                           append
                           kont82762
                           cdr)))
                     (clo-app car f8276582919 lst1)))))))))))
  (proc
   (append _83085 kont82762 lst1 lst2)
   (let ((f8276682917
          (make-closure lam83083 car lst1 cons lst2 append kont82762 cdr)))
     (clo-app null? f8276682917 lst1)))
  (proc
   (hash _83086 . lst)
   (let ((kont8276782925 (prim car lst)))
     (let ((lst82926 (prim cdr lst)))
       (let ((x8266282927 (apply-prim hash lst82926)))
         (clo-app kont8276782925 x8266282927)))))
  (proc
   (hash-ref _83087 kont82769 h k)
   (let ((x8266382928 (prim hash-ref h k))) (clo-app kont82769 x8266382928)))
  (proc
   (hash-set _83088 kont82770 h k v)
   (let ((x8266482929 (prim hash-set h k v))) (clo-app kont82770 x8266482929)))
  (proc
   (hash-has-key? _83089 kont82771 h k)
   (let ((x8266582930 (prim hash-has-key? h k)))
     (clo-app kont82771 x8266582930)))
  (proc
   (hash-count _83090 kont82772 h)
   (let ((x8266682931 (prim hash-count h))) (clo-app kont82772 x8266682931)))
  (proc
   (lam83093 env83094 a8266782933)
   (let ((kont82773 (env-ref env83094 1)))
     (if a8266782933
       (let ((x8266882934 '1)) (clo-app kont82773 x8266882934))
       (let ((x8266982935 '2)) (clo-app kont82773 x8266982935)))))
  (proc
   (call _83095 kont82773 op lst)
   (let ((f8277482932 (make-closure lam83093 kont82773)))
     (clo-app member? f8277482932 op lst)))
  (proc
   (lam83096 env83097 a8267582942)
   (let ((kont82775 (env-ref env83097 3)))
     (let ((a8267082936 (env-ref env83097 2)))
       (let ((call (env-ref env83097 1)))
         (clo-app call kont82775 a8267082936 a8267582942)))))
  (proc
   (brouhaha_main _83103 kont82775)
   (let ((a8267082936 '1))
     (let ((a8267182937 '1))
       (let ((a8267282938 '2))
         (let ((a8267382939 '3))
           (let ((a8267482940 '4))
             (let ((f8277682941
                    (make-closure lam83096 call a8267082936 kont82775)))
               (clo-app
                list
                f8277682941
                a8267182937
                a8267282938
                a8267382939
                a8267482940)))))))))
