'((proc
   (+ _120147 . lst)
   (let ((kont119885119985 (prim car lst)))
     (let ((lst119986 (prim cdr lst)))
       (let ((x119796119987 (apply-prim + lst119986)))
         (clo-app kont119885119985 x119796119987)))))
  (proc
   (- _120148 . lst)
   (let ((kont119887119988 (prim car lst)))
     (let ((lst119989 (prim cdr lst)))
       (let ((x119797119990 (apply-prim - lst119989)))
         (clo-app kont119887119988 x119797119990)))))
  (proc
   (* _120149 . lst)
   (let ((kont119889119991 (prim car lst)))
     (let ((lst119992 (prim cdr lst)))
       (let ((x119798119993 (apply-prim * lst119992)))
         (clo-app kont119889119991 x119798119993)))))
  (proc
   (modulo _120150 kont119891 a b)
   (let ((x119799119994 (prim modulo a b)))
     (clo-app kont119891 x119799119994)))
  (proc
   (/ _120151 . lst)
   (let ((kont119892119995 (prim car lst)))
     (let ((lst119996 (prim cdr lst)))
       (let ((x119800119997 (apply-prim / lst119996)))
         (clo-app kont119892119995 x119800119997)))))
  (proc
   (= _120152 . lst)
   (let ((kont119894119998 (prim car lst)))
     (let ((lst119999 (prim cdr lst)))
       (let ((x119801120000 (apply-prim = lst119999)))
         (clo-app kont119894119998 x119801120000)))))
  (proc
   (> _120153 . lst)
   (let ((kont119896120001 (prim car lst)))
     (let ((lst120002 (prim cdr lst)))
       (let ((x119802120003 (apply-prim > lst120002)))
         (clo-app kont119896120001 x119802120003)))))
  (proc
   (< _120154 . lst)
   (let ((kont119898120004 (prim car lst)))
     (let ((lst120005 (prim cdr lst)))
       (let ((x119803120006 (apply-prim < lst120005)))
         (clo-app kont119898120004 x119803120006)))))
  (proc
   (<= _120155 . lst)
   (let ((kont119900120007 (prim car lst)))
     (let ((lst120008 (prim cdr lst)))
       (let ((x119804120009 (apply-prim <= lst120008)))
         (clo-app kont119900120007 x119804120009)))))
  (proc
   (>= _120156 . lst)
   (let ((kont119902120010 (prim car lst)))
     (let ((lst120011 (prim cdr lst)))
       (let ((x119805120012 (apply-prim >= lst120011)))
         (clo-app kont119902120010 x119805120012)))))
  (proc
   (null? _120157 kont119904 x)
   (let ((x119806120013 (prim null? x))) (clo-app kont119904 x119806120013)))
  (proc
   (equal? _120158 kont119905 x y)
   (let ((x119807120014 (prim equal? x y)))
     (clo-app kont119905 x119807120014)))
  (proc
   (eq? _120159 kont119906 x y)
   (let ((x119808120015 (prim eq? x y))) (clo-app kont119906 x119808120015)))
  (proc
   (cons _120160 kont119907 a b)
   (let ((x119809120016 (prim cons a b))) (clo-app kont119907 x119809120016)))
  (proc
   (car _120161 kont119908 lst)
   (let ((x119810120017 (prim car lst))) (clo-app kont119908 x119810120017)))
  (proc
   (cdr _120162 kont119909 lst)
   (let ((x119811120018 (prim cdr lst))) (clo-app kont119909 x119811120018)))
  (proc
   (lam120163 env120164 a119814120022)
   (let ((a119812120019 (env-ref env120164 3)))
     (let ((equal? (env-ref env120164 2)))
       (let ((kont119910 (env-ref env120164 1)))
         (clo-app equal? kont119910 a119812120019 a119814120022)))))
  (proc
   (even? _120167 kont119910 x)
   (let ((a119812120019 '0))
     (let ((a119813120020 '2))
       (let ((f119911120021
              (make-closure lam120163 kont119910 equal? a119812120019)))
         (clo-app modulo f119911120021 x a119813120020)))))
  (proc
   (lam120168 env120169 a119817120026)
   (let ((equal? (env-ref env120169 3)))
     (let ((a119815120023 (env-ref env120169 2)))
       (let ((kont119912 (env-ref env120169 1)))
         (clo-app equal? kont119912 a119815120023 a119817120026)))))
  (proc
   (odd? _120172 kont119912 x)
   (let ((a119815120023 '1))
     (let ((a119816120024 '2))
       (let ((f119913120025
              (make-closure lam120168 kont119912 a119815120023 equal?)))
         (clo-app modulo f119913120025 x a119816120024)))))
  (proc
   (list _120173 . x)
   (let ((kont119914120027 (prim car x)))
     (let ((x120028 (prim cdr x))) (clo-app kont119914120027 x120028))))
  (proc
   (lam120176 env120177 a119823120038)
   (let ((x (env-ref env120177 3)))
     (let ((member? (env-ref env120177 2)))
       (let ((kont119916 (env-ref env120177 1)))
         (clo-app member? kont119916 x a119823120038)))))
  (proc
   (lam120178 env120179 a119821120035)
   (let ((cdr (env-ref env120179 5)))
     (let ((lst (env-ref env120179 4)))
       (let ((x (env-ref env120179 3)))
         (let ((member? (env-ref env120179 2)))
           (let ((kont119916 (env-ref env120179 1)))
             (if a119821120035
               (let ((x119822120036 '#t)) (clo-app kont119916 x119822120036))
               (let ((f119917120037
                      (make-closure lam120176 kont119916 member? x)))
                 (clo-app cdr f119917120037 lst)))))))))
  (proc
   (lam120180 env120181 a119820120033)
   (let ((cdr (env-ref env120181 6)))
     (let ((lst (env-ref env120181 5)))
       (let ((equal? (env-ref env120181 4)))
         (let ((x (env-ref env120181 3)))
           (let ((member? (env-ref env120181 2)))
             (let ((kont119916 (env-ref env120181 1)))
               (let ((f119918120034
                      (make-closure lam120178 kont119916 member? x lst cdr)))
                 (clo-app equal? f119918120034 a119820120033 x)))))))))
  (proc
   (lam120182 env120183 a119818120030)
   (let ((cdr (env-ref env120183 7)))
     (let ((lst (env-ref env120183 6)))
       (let ((equal? (env-ref env120183 5)))
         (let ((x (env-ref env120183 4)))
           (let ((car (env-ref env120183 3)))
             (let ((member? (env-ref env120183 2)))
               (let ((kont119916 (env-ref env120183 1)))
                 (if a119818120030
                   (let ((x119819120031 '#f))
                     (clo-app kont119916 x119819120031))
                   (let ((f119919120032
                          (make-closure
                           lam120180
                           kont119916
                           member?
                           x
                           equal?
                           lst
                           cdr)))
                     (clo-app car f119919120032 lst)))))))))))
  (proc
   (member? _120184 kont119916 x lst)
   (let ((f119920120029
          (make-closure lam120182 kont119916 member? car x equal? lst cdr)))
     (clo-app null? f119920120029 lst)))
  (proc
   (lam120185 env120186 a119827120046)
   (let ((kont119921 (env-ref env120186 4)))
     (let ((fun (env-ref env120186 3)))
       (let ((foldl (env-ref env120186 2)))
         (let ((a119826120044 (env-ref env120186 1)))
           (clo-app foldl kont119921 fun a119826120044 a119827120046))))))
  (proc
   (lam120187 env120188 a119826120044)
   (let ((cdr (env-ref env120188 5)))
     (let ((fun (env-ref env120188 4)))
       (let ((foldl (env-ref env120188 3)))
         (let ((lst (env-ref env120188 2)))
           (let ((kont119921 (env-ref env120188 1)))
             (let ((f119922120045
                    (make-closure
                     lam120185
                     a119826120044
                     foldl
                     fun
                     kont119921)))
               (clo-app cdr f119922120045 lst))))))))
  (proc
   (lam120189 env120190 a119825120042)
   (let ((cdr (env-ref env120190 6)))
     (let ((fun (env-ref env120190 5)))
       (let ((acc (env-ref env120190 4)))
         (let ((foldl (env-ref env120190 3)))
           (let ((lst (env-ref env120190 2)))
             (let ((kont119921 (env-ref env120190 1)))
               (let ((f119923120043
                      (make-closure lam120187 kont119921 lst foldl fun cdr)))
                 (clo-app fun f119923120043 a119825120042 acc)))))))))
  (proc
   (lam120191 env120192 a119824120040)
   (let ((cdr (env-ref env120192 7)))
     (let ((fun (env-ref env120192 6)))
       (let ((acc (env-ref env120192 5)))
         (let ((car (env-ref env120192 4)))
           (let ((foldl (env-ref env120192 3)))
             (let ((lst (env-ref env120192 2)))
               (let ((kont119921 (env-ref env120192 1)))
                 (if a119824120040
                   (clo-app kont119921 acc)
                   (let ((f119924120041
                          (make-closure
                           lam120189
                           kont119921
                           lst
                           foldl
                           acc
                           fun
                           cdr)))
                     (clo-app car f119924120041 lst)))))))))))
  (proc
   (foldl _120193 kont119921 fun acc lst)
   (let ((f119925120039
          (make-closure lam120191 kont119921 lst foldl car acc fun cdr)))
     (clo-app null? f119925120039 lst)))
  (proc
   (lam120194 env120195 a119831120054)
   (let ((a119829120050 (env-ref env120195 3)))
     (let ((reverse-helper (env-ref env120195 2)))
       (let ((kont119926 (env-ref env120195 1)))
         (clo-app reverse-helper kont119926 a119829120050 a119831120054)))))
  (proc
   (lam120196 env120197 a119830120052)
   (let ((a119829120050 (env-ref env120197 5)))
     (let ((reverse-helper (env-ref env120197 4)))
       (let ((kont119926 (env-ref env120197 3)))
         (let ((lst2 (env-ref env120197 2)))
           (let ((cons (env-ref env120197 1)))
             (let ((f119927120053
                    (make-closure
                     lam120194
                     kont119926
                     reverse-helper
                     a119829120050)))
               (clo-app cons f119927120053 a119830120052 lst2))))))))
  (proc
   (lam120198 env120199 a119829120050)
   (let ((lst (env-ref env120199 6)))
     (let ((reverse-helper (env-ref env120199 5)))
       (let ((kont119926 (env-ref env120199 4)))
         (let ((lst2 (env-ref env120199 3)))
           (let ((car (env-ref env120199 2)))
             (let ((cons (env-ref env120199 1)))
               (let ((f119928120051
                      (make-closure
                       lam120196
                       cons
                       lst2
                       kont119926
                       reverse-helper
                       a119829120050)))
                 (clo-app car f119928120051 lst)))))))))
  (proc
   (lam120200 env120201 a119828120048)
   (let ((cdr (env-ref env120201 7)))
     (let ((lst (env-ref env120201 6)))
       (let ((reverse-helper (env-ref env120201 5)))
         (let ((kont119926 (env-ref env120201 4)))
           (let ((lst2 (env-ref env120201 3)))
             (let ((car (env-ref env120201 2)))
               (let ((cons (env-ref env120201 1)))
                 (if a119828120048
                   (clo-app kont119926 lst2)
                   (let ((f119929120049
                          (make-closure
                           lam120198
                           cons
                           car
                           lst2
                           kont119926
                           reverse-helper
                           lst)))
                     (clo-app cdr f119929120049 lst)))))))))))
  (proc
   (reverse-helper _120202 kont119926 lst lst2)
   (let ((f119930120047
          (make-closure
           lam120200
           cons
           car
           lst2
           kont119926
           reverse-helper
           lst
           cdr)))
     (clo-app null? f119930120047 lst)))
  (proc
   (lam120203 env120204 a119832120056)
   (let ((lst (env-ref env120204 3)))
     (let ((reverse-helper (env-ref env120204 2)))
       (let ((kont119931 (env-ref env120204 1)))
         (clo-app reverse-helper kont119931 lst a119832120056)))))
  (proc
   (reverse _120205 kont119931 lst)
   (let ((f119932120055
          (make-closure lam120203 kont119931 reverse-helper lst)))
     (clo-app list f119932120055)))
  (proc
   (lam120206 env120207 x119835120061)
   (let ((kont119933 (env-ref env120207 1)))
     (clo-app kont119933 x119835120061)))
  (proc
   (lam120208 env120209 a119840120070)
   (let ((kont119933 (env-ref env120209 4)))
     (let ((a119836120063 (env-ref env120209 3)))
       (let ((a119838120066 (env-ref env120209 2)))
         (let ((take-helper (env-ref env120209 1)))
           (clo-app
            take-helper
            kont119933
            a119836120063
            a119838120066
            a119840120070))))))
  (proc
   (lam120210 env120211 a119839120068)
   (let ((kont119933 (env-ref env120211 6)))
     (let ((a119836120063 (env-ref env120211 5)))
       (let ((a119838120066 (env-ref env120211 4)))
         (let ((cons (env-ref env120211 3)))
           (let ((take-helper (env-ref env120211 2)))
             (let ((lst2 (env-ref env120211 1)))
               (let ((f119935120069
                      (make-closure
                       lam120208
                       take-helper
                       a119838120066
                       a119836120063
                       kont119933)))
                 (clo-app cons f119935120069 a119839120068 lst2)))))))))
  (proc
   (lam120212 env120213 a119838120066)
   (let ((kont119933 (env-ref env120213 7)))
     (let ((a119836120063 (env-ref env120213 6)))
       (let ((lst (env-ref env120213 5)))
         (let ((car (env-ref env120213 4)))
           (let ((cons (env-ref env120213 3)))
             (let ((take-helper (env-ref env120213 2)))
               (let ((lst2 (env-ref env120213 1)))
                 (let ((f119936120067
                        (make-closure
                         lam120210
                         lst2
                         take-helper
                         cons
                         a119838120066
                         a119836120063
                         kont119933)))
                   (clo-app car f119936120067 lst))))))))))
  (proc
   (lam120215 env120216 a119836120063)
   (let ((kont119933 (env-ref env120216 8)))
     (let ((lst (env-ref env120216 7)))
       (let ((cons (env-ref env120216 6)))
         (let ((- (env-ref env120216 5)))
           (let ((take-helper (env-ref env120216 4)))
             (let ((lst2 (env-ref env120216 3)))
               (let ((n (env-ref env120216 2)))
                 (let ((car (env-ref env120216 1)))
                   (let ((a119837120064 '1))
                     (let ((f119937120065
                            (make-closure
                             lam120212
                             lst2
                             take-helper
                             cons
                             car
                             lst
                             a119836120063
                             kont119933)))
                       (clo-app - f119937120065 n a119837120064))))))))))))
  (proc
   (lam120217 env120218 a119834120059)
   (let ((lst (env-ref env120218 10)))
     (let ((reverse (env-ref env120218 9)))
       (let ((cons (env-ref env120218 8)))
         (let ((- (env-ref env120218 7)))
           (let ((kont119933 (env-ref env120218 6)))
             (let ((cdr (env-ref env120218 5)))
               (let ((take-helper (env-ref env120218 4)))
                 (let ((lst2 (env-ref env120218 3)))
                   (let ((n (env-ref env120218 2)))
                     (let ((car (env-ref env120218 1)))
                       (if a119834120059
                         (let ((f119934120060
                                (make-closure lam120206 kont119933)))
                           (clo-app reverse f119934120060 lst2))
                         (let ((f119938120062
                                (make-closure
                                 lam120215
                                 car
                                 n
                                 lst2
                                 take-helper
                                 -
                                 cons
                                 lst
                                 kont119933)))
                           (clo-app cdr f119938120062 lst))))))))))))))
  (proc
   (take-helper _120220 kont119933 lst n lst2)
   (let ((a119833120057 '0))
     (let ((f119939120058
            (make-closure
             lam120217
             car
             n
             lst2
             take-helper
             cdr
             kont119933
             -
             cons
             reverse
             lst)))
       (clo-app = f119939120058 n a119833120057))))
  (proc
   (lam120221 env120222 a119841120072)
   (let ((lst (env-ref env120222 4)))
     (let ((kont119940 (env-ref env120222 3)))
       (let ((take-helper (env-ref env120222 2)))
         (let ((n (env-ref env120222 1)))
           (clo-app take-helper kont119940 lst n a119841120072))))))
  (proc
   (take _120223 kont119940 lst n)
   (let ((f119941120071 (make-closure lam120221 n take-helper kont119940 lst)))
     (clo-app list f119941120071)))
  (proc
   (lam120225 env120226 a119846120080)
   (let ((a119844120076 (env-ref env120226 3)))
     (let ((+ (env-ref env120226 2)))
       (let ((kont119942 (env-ref env120226 1)))
         (clo-app + kont119942 a119844120076 a119846120080)))))
  (proc
   (lam120227 env120228 a119845120078)
   (let ((length (env-ref env120228 4)))
     (let ((a119844120076 (env-ref env120228 3)))
       (let ((+ (env-ref env120228 2)))
         (let ((kont119942 (env-ref env120228 1)))
           (let ((f119943120079
                  (make-closure lam120225 kont119942 + a119844120076)))
             (clo-app length f119943120079 a119845120078)))))))
  (proc
   (lam120230 env120231 a119842120074)
   (let ((cdr (env-ref env120231 5)))
     (let ((lst (env-ref env120231 4)))
       (let ((length (env-ref env120231 3)))
         (let ((+ (env-ref env120231 2)))
           (let ((kont119942 (env-ref env120231 1)))
             (if a119842120074
               (let ((x119843120075 '0)) (clo-app kont119942 x119843120075))
               (let ((a119844120076 '1))
                 (let ((f119944120077
                        (make-closure
                         lam120227
                         kont119942
                         +
                         a119844120076
                         length)))
                   (clo-app cdr f119944120077 lst))))))))))
  (proc
   (length _120232 kont119942 lst)
   (let ((f119945120073 (make-closure lam120230 kont119942 + length lst cdr)))
     (clo-app null? f119945120073 lst)))
  (proc
   (lam120233 env120234 x119848120084)
   (let ((kont119946 (env-ref env120234 1)))
     (clo-app kont119946 x119848120084)))
  (proc
   (lam120235 env120236 a119852120092)
   (let ((a119850120088 (env-ref env120236 3)))
     (let ((kont119946 (env-ref env120236 2)))
       (let ((cons (env-ref env120236 1)))
         (clo-app cons kont119946 a119850120088 a119852120092)))))
  (proc
   (lam120237 env120238 a119851120090)
   (let ((map (env-ref env120238 5)))
     (let ((kont119946 (env-ref env120238 4)))
       (let ((cons (env-ref env120238 3)))
         (let ((proc (env-ref env120238 2)))
           (let ((a119850120088 (env-ref env120238 1)))
             (let ((f119948120091
                    (make-closure lam120235 cons kont119946 a119850120088)))
               (clo-app map f119948120091 proc a119851120090))))))))
  (proc
   (lam120239 env120240 a119850120088)
   (let ((cdr (env-ref env120240 6)))
     (let ((lst (env-ref env120240 5)))
       (let ((map (env-ref env120240 4)))
         (let ((proc (env-ref env120240 3)))
           (let ((kont119946 (env-ref env120240 2)))
             (let ((cons (env-ref env120240 1)))
               (let ((f119949120089
                      (make-closure
                       lam120237
                       a119850120088
                       proc
                       cons
                       kont119946
                       map)))
                 (clo-app cdr f119949120089 lst)))))))))
  (proc
   (lam120241 env120242 a119849120086)
   (let ((cdr (env-ref env120242 6)))
     (let ((lst (env-ref env120242 5)))
       (let ((map (env-ref env120242 4)))
         (let ((proc (env-ref env120242 3)))
           (let ((kont119946 (env-ref env120242 2)))
             (let ((cons (env-ref env120242 1)))
               (let ((f119950120087
                      (make-closure
                       lam120239
                       cons
                       kont119946
                       proc
                       map
                       lst
                       cdr)))
                 (clo-app proc f119950120087 a119849120086)))))))))
  (proc
   (lam120243 env120244 a119847120082)
   (let ((lst (env-ref env120244 8)))
     (let ((map (env-ref env120244 7)))
       (let ((proc (env-ref env120244 6)))
         (let ((cons (env-ref env120244 5)))
           (let ((list (env-ref env120244 4)))
             (let ((cdr (env-ref env120244 3)))
               (let ((kont119946 (env-ref env120244 2)))
                 (let ((car (env-ref env120244 1)))
                   (if a119847120082
                     (let ((f119947120083 (make-closure lam120233 kont119946)))
                       (clo-app list f119947120083))
                     (let ((f119951120085
                            (make-closure
                             lam120241
                             cons
                             kont119946
                             proc
                             map
                             lst
                             cdr)))
                       (clo-app car f119951120085 lst))))))))))))
  (proc
   (map _120245 kont119946 proc lst)
   (let ((f119952120081
          (make-closure lam120243 car kont119946 cdr list cons proc map lst)))
     (clo-app null? f119952120081 lst)))
  (proc
   (lam120246 env120247 x119854120096)
   (let ((kont119953 (env-ref env120247 1)))
     (clo-app kont119953 x119854120096)))
  (proc
   (lam120248 env120249 a119859120106)
   (let ((kont119953 (env-ref env120249 3)))
     (let ((a119857120102 (env-ref env120249 2)))
       (let ((cons (env-ref env120249 1)))
         (clo-app cons kont119953 a119857120102 a119859120106)))))
  (proc
   (lam120250 env120251 a119858120104)
   (let ((kont119953 (env-ref env120251 5)))
     (let ((op (env-ref env120251 4)))
       (let ((a119857120102 (env-ref env120251 3)))
         (let ((filter (env-ref env120251 2)))
           (let ((cons (env-ref env120251 1)))
             (let ((f119955120105
                    (make-closure lam120248 cons a119857120102 kont119953)))
               (clo-app filter f119955120105 op a119858120104))))))))
  (proc
   (lam120252 env120253 a119857120102)
   (let ((cdr (env-ref env120253 6)))
     (let ((op (env-ref env120253 5)))
       (let ((filter (env-ref env120253 4)))
         (let ((cons (env-ref env120253 3)))
           (let ((lst (env-ref env120253 2)))
             (let ((kont119953 (env-ref env120253 1)))
               (let ((f119956120103
                      (make-closure
                       lam120250
                       cons
                       filter
                       a119857120102
                       op
                       kont119953)))
                 (clo-app cdr f119956120103 lst)))))))))
  (proc
   (lam120254 env120255 a119860120108)
   (let ((kont119953 (env-ref env120255 3)))
     (let ((op (env-ref env120255 2)))
       (let ((filter (env-ref env120255 1)))
         (clo-app filter kont119953 op a119860120108)))))
  (proc
   (lam120256 env120257 a119856120100)
   (let ((cdr (env-ref env120257 7)))
     (let ((op (env-ref env120257 6)))
       (let ((cons (env-ref env120257 5)))
         (let ((lst (env-ref env120257 4)))
           (let ((kont119953 (env-ref env120257 3)))
             (let ((filter (env-ref env120257 2)))
               (let ((car (env-ref env120257 1)))
                 (if a119856120100
                   (let ((f119957120101
                          (make-closure
                           lam120252
                           kont119953
                           lst
                           cons
                           filter
                           op
                           cdr)))
                     (clo-app car f119957120101 lst))
                   (let ((f119958120107
                          (make-closure lam120254 filter op kont119953)))
                     (clo-app cdr f119958120107 lst)))))))))))
  (proc
   (lam120258 env120259 a119855120098)
   (let ((cdr (env-ref env120259 7)))
     (let ((op (env-ref env120259 6)))
       (let ((cons (env-ref env120259 5)))
         (let ((lst (env-ref env120259 4)))
           (let ((kont119953 (env-ref env120259 3)))
             (let ((filter (env-ref env120259 2)))
               (let ((car (env-ref env120259 1)))
                 (let ((f119959120099
                        (make-closure
                         lam120256
                         car
                         filter
                         kont119953
                         lst
                         cons
                         op
                         cdr)))
                   (clo-app op f119959120099 a119855120098))))))))))
  (proc
   (lam120260 env120261 a119853120094)
   (let ((op (env-ref env120261 8)))
     (let ((cons (env-ref env120261 7)))
       (let ((list (env-ref env120261 6)))
         (let ((cdr (env-ref env120261 5)))
           (let ((lst (env-ref env120261 4)))
             (let ((kont119953 (env-ref env120261 3)))
               (let ((filter (env-ref env120261 2)))
                 (let ((car (env-ref env120261 1)))
                   (if a119853120094
                     (let ((f119954120095 (make-closure lam120246 kont119953)))
                       (clo-app list f119954120095))
                     (let ((f119960120097
                            (make-closure
                             lam120258
                             car
                             filter
                             kont119953
                             lst
                             cons
                             op
                             cdr)))
                       (clo-app car f119960120097 lst))))))))))))
  (proc
   (filter _120262 kont119953 op lst)
   (let ((f119961120093
          (make-closure lam120260 car filter kont119953 lst cdr list cons op)))
     (clo-app null? f119961120093 lst)))
  (proc
   (lam120263 env120264 a119865120116)
   (let ((kont119962 (env-ref env120264 3)))
     (let ((a119863120113 (env-ref env120264 2)))
       (let ((drop (env-ref env120264 1)))
         (clo-app drop kont119962 a119863120113 a119865120116)))))
  (proc
   (lam120266 env120267 a119863120113)
   (let ((drop (env-ref env120267 4)))
     (let ((- (env-ref env120267 3)))
       (let ((kont119962 (env-ref env120267 2)))
         (let ((n (env-ref env120267 1)))
           (let ((a119864120114 '1))
             (let ((f119963120115
                    (make-closure lam120263 drop a119863120113 kont119962)))
               (clo-app - f119963120115 n a119864120114))))))))
  (proc
   (lam120268 env120269 a119862120111)
   (let ((cdr (env-ref env120269 6)))
     (let ((- (env-ref env120269 5)))
       (let ((lst (env-ref env120269 4)))
         (let ((drop (env-ref env120269 3)))
           (let ((kont119962 (env-ref env120269 2)))
             (let ((n (env-ref env120269 1)))
               (if a119862120111
                 (clo-app kont119962 lst)
                 (let ((f119964120112
                        (make-closure lam120266 n kont119962 - drop)))
                   (clo-app cdr f119964120112 lst))))))))))
  (proc
   (drop _120271 kont119962 lst n)
   (let ((a119861120109 '0))
     (let ((f119965120110
            (make-closure lam120268 n kont119962 drop lst - cdr)))
       (clo-app = f119965120110 n a119861120109))))
  (proc
   (lam120272 env120273 a119869120124)
   (let ((kont119966 (env-ref env120273 3)))
     (let ((proc (env-ref env120273 2)))
       (let ((a119867120120 (env-ref env120273 1)))
         (clo-app proc kont119966 a119867120120 a119869120124)))))
  (proc
   (lam120274 env120275 a119868120122)
   (let ((kont119966 (env-ref env120275 5)))
     (let ((foldr (env-ref env120275 4)))
       (let ((proc (env-ref env120275 3)))
         (let ((acc (env-ref env120275 2)))
           (let ((a119867120120 (env-ref env120275 1)))
             (let ((f119967120123
                    (make-closure lam120272 a119867120120 proc kont119966)))
               (clo-app foldr f119967120123 proc acc a119868120122))))))))
  (proc
   (lam120276 env120277 a119867120120)
   (let ((cdr (env-ref env120277 6)))
     (let ((kont119966 (env-ref env120277 5)))
       (let ((foldr (env-ref env120277 4)))
         (let ((lst (env-ref env120277 3)))
           (let ((proc (env-ref env120277 2)))
             (let ((acc (env-ref env120277 1)))
               (let ((f119968120121
                      (make-closure
                       lam120274
                       a119867120120
                       acc
                       proc
                       foldr
                       kont119966)))
                 (clo-app cdr f119968120121 lst)))))))))
  (proc
   (lam120278 env120279 a119866120118)
   (let ((cdr (env-ref env120279 7)))
     (let ((kont119966 (env-ref env120279 6)))
       (let ((car (env-ref env120279 5)))
         (let ((foldr (env-ref env120279 4)))
           (let ((lst (env-ref env120279 3)))
             (let ((proc (env-ref env120279 2)))
               (let ((acc (env-ref env120279 1)))
                 (if a119866120118
                   (clo-app kont119966 acc)
                   (let ((f119969120119
                          (make-closure
                           lam120276
                           acc
                           proc
                           lst
                           foldr
                           kont119966
                           cdr)))
                     (clo-app car f119969120119 lst)))))))))))
  (proc
   (foldr _120280 kont119966 proc acc lst)
   (let ((f119970120117
          (make-closure lam120278 acc proc lst foldr car kont119966 cdr)))
     (clo-app null? f119970120117 lst)))
  (proc
   (lam120281 env120282 a119873120132)
   (let ((a119871120128 (env-ref env120282 3)))
     (let ((kont119971 (env-ref env120282 2)))
       (let ((cons (env-ref env120282 1)))
         (clo-app cons kont119971 a119871120128 a119873120132)))))
  (proc
   (lam120283 env120284 a119872120130)
   (let ((a119871120128 (env-ref env120284 5)))
     (let ((kont119971 (env-ref env120284 4)))
       (let ((append (env-ref env120284 3)))
         (let ((lst2 (env-ref env120284 2)))
           (let ((cons (env-ref env120284 1)))
             (let ((f119972120131
                    (make-closure lam120281 cons kont119971 a119871120128)))
               (clo-app append f119972120131 a119872120130 lst2))))))))
  (proc
   (lam120285 env120286 a119871120128)
   (let ((cdr (env-ref env120286 6)))
     (let ((kont119971 (env-ref env120286 5)))
       (let ((append (env-ref env120286 4)))
         (let ((lst2 (env-ref env120286 3)))
           (let ((lst1 (env-ref env120286 2)))
             (let ((cons (env-ref env120286 1)))
               (let ((f119973120129
                      (make-closure
                       lam120283
                       cons
                       lst2
                       append
                       kont119971
                       a119871120128)))
                 (clo-app cdr f119973120129 lst1)))))))))
  (proc
   (lam120287 env120288 a119870120126)
   (let ((cdr (env-ref env120288 7)))
     (let ((kont119971 (env-ref env120288 6)))
       (let ((append (env-ref env120288 5)))
         (let ((lst2 (env-ref env120288 4)))
           (let ((cons (env-ref env120288 3)))
             (let ((lst1 (env-ref env120288 2)))
               (let ((car (env-ref env120288 1)))
                 (if a119870120126
                   (clo-app kont119971 lst2)
                   (let ((f119974120127
                          (make-closure
                           lam120285
                           cons
                           lst1
                           lst2
                           append
                           kont119971
                           cdr)))
                     (clo-app car f119974120127 lst1)))))))))))
  (proc
   (append _120289 kont119971 lst1 lst2)
   (let ((f119975120125
          (make-closure lam120287 car lst1 cons lst2 append kont119971 cdr)))
     (clo-app null? f119975120125 lst1)))
  (proc
   (hash _120290 . lst)
   (let ((kont119976120133 (prim car lst)))
     (let ((lst120134 (prim cdr lst)))
       (let ((x119874120135 (apply-prim hash lst120134)))
         (clo-app kont119976120133 x119874120135)))))
  (proc
   (hash-ref _120291 kont119978 h k)
   (let ((x119875120136 (prim hash-ref h k)))
     (clo-app kont119978 x119875120136)))
  (proc
   (hash-set _120292 kont119979 h k v)
   (let ((x119876120137 (prim hash-set h k v)))
     (clo-app kont119979 x119876120137)))
  (proc
   (hash-has-key? _120293 kont119980 h k)
   (let ((x119877120138 (prim hash-has-key? h k)))
     (clo-app kont119980 x119877120138)))
  (proc
   (hash-count _120294 kont119981 h)
   (let ((x119878120139 (prim hash-count h)))
     (clo-app kont119981 x119878120139)))
  (proc
   (call _120300 kont119982)
   (let ((a119879120140 '100))
     (let ((a119880120141 '90))
       (let ((a119881120142 '80))
         (let ((a119882120143 '70))
           (let ((a119883120144 '60))
             (clo-app
              >=
              kont119982
              a119879120140
              a119880120141
              a119881120142
              a119882120143
              a119883120144)))))))
  (proc
   (lam120301 env120302 x119884120146)
   (let ((kont119983 (env-ref env120302 1)))
     (clo-app kont119983 x119884120146)))
  (proc
   (brouhaha_main _120303 kont119983)
   (let ((f119984120145 (make-closure lam120301 kont119983)))
     (clo-app call f119984120145))))
