'((proc
   (+ _31934 . lst)
   (let ((kont3167631776 (prim car lst)))
     (let ((lst31777 (prim cdr lst)))
       (let ((x3159131778 (apply-prim + lst31777)))
         (clo-app kont3167631776 x3159131778)))))
  (proc
   (- _31935 . lst)
   (let ((kont3167831779 (prim car lst)))
     (let ((lst31780 (prim cdr lst)))
       (let ((x3159231781 (apply-prim - lst31780)))
         (clo-app kont3167831779 x3159231781)))))
  (proc
   (* _31936 . lst)
   (let ((kont3168031782 (prim car lst)))
     (let ((lst31783 (prim cdr lst)))
       (let ((x3159331784 (apply-prim * lst31783)))
         (clo-app kont3168031782 x3159331784)))))
  (proc
   (modulo _31937 kont31682 a b)
   (let ((x3159431785 (prim modulo a b))) (clo-app kont31682 x3159431785)))
  (proc
   (/ _31938 . lst)
   (let ((kont3168331786 (prim car lst)))
     (let ((lst31787 (prim cdr lst)))
       (let ((x3159531788 (apply-prim / lst31787)))
         (clo-app kont3168331786 x3159531788)))))
  (proc
   (= _31939 . lst)
   (let ((kont3168531789 (prim car lst)))
     (let ((lst31790 (prim cdr lst)))
       (let ((x3159631791 (apply-prim = lst31790)))
         (clo-app kont3168531789 x3159631791)))))
  (proc
   (> _31940 . lst)
   (let ((kont3168731792 (prim car lst)))
     (let ((lst31793 (prim cdr lst)))
       (let ((x3159731794 (apply-prim > lst31793)))
         (clo-app kont3168731792 x3159731794)))))
  (proc
   (< _31941 . lst)
   (let ((kont3168931795 (prim car lst)))
     (let ((lst31796 (prim cdr lst)))
       (let ((x3159831797 (apply-prim < lst31796)))
         (clo-app kont3168931795 x3159831797)))))
  (proc
   (<= _31942 . lst)
   (let ((kont3169131798 (prim car lst)))
     (let ((lst31799 (prim cdr lst)))
       (let ((x3159931800 (apply-prim <= lst31799)))
         (clo-app kont3169131798 x3159931800)))))
  (proc
   (>= _31943 . lst)
   (let ((kont3169331801 (prim car lst)))
     (let ((lst31802 (prim cdr lst)))
       (let ((x3160031803 (apply-prim >= lst31802)))
         (clo-app kont3169331801 x3160031803)))))
  (proc
   (null? _31944 kont31695 x)
   (let ((x3160131804 (prim null? x))) (clo-app kont31695 x3160131804)))
  (proc
   (equal? _31945 kont31696 x y)
   (let ((x3160231805 (prim equal? x y))) (clo-app kont31696 x3160231805)))
  (proc
   (eq? _31946 kont31697 x y)
   (let ((x3160331806 (prim eq? x y))) (clo-app kont31697 x3160331806)))
  (proc
   (cons _31947 kont31698 a b)
   (let ((x3160431807 (prim cons a b))) (clo-app kont31698 x3160431807)))
  (proc
   (car _31948 kont31699 lst)
   (let ((x3160531808 (prim car lst))) (clo-app kont31699 x3160531808)))
  (proc
   (cdr _31949 kont31700 lst)
   (let ((x3160631809 (prim cdr lst))) (clo-app kont31700 x3160631809)))
  (proc
   (lam31950 env31951 a3160931813)
   (let ((equal? (env-ref env31951 3)))
     (let ((a3160731810 (env-ref env31951 2)))
       (let ((kont31701 (env-ref env31951 1)))
         (clo-app equal? kont31701 a3160731810 a3160931813)))))
  (proc
   (even? _31954 kont31701 x)
   (let ((a3160731810 '0))
     (let ((a3160831811 '2))
       (let ((f3170231812
              (make-closure lam31950 kont31701 a3160731810 equal?)))
         (clo-app modulo f3170231812 x a3160831811)))))
  (proc
   (lam31955 env31956 a3161231817)
   (let ((a3161031814 (env-ref env31956 3)))
     (let ((kont31703 (env-ref env31956 2)))
       (let ((equal? (env-ref env31956 1)))
         (clo-app equal? kont31703 a3161031814 a3161231817)))))
  (proc
   (odd? _31959 kont31703 x)
   (let ((a3161031814 '1))
     (let ((a3161131815 '2))
       (let ((f3170431816
              (make-closure lam31955 equal? kont31703 a3161031814)))
         (clo-app modulo f3170431816 x a3161131815)))))
  (proc
   (list _31960 . x)
   (let ((kont3170531818 (prim car x)))
     (let ((x31819 (prim cdr x))) (clo-app kont3170531818 x31819))))
  (proc
   (lam31963 env31964 a3161831829)
   (let ((kont31707 (env-ref env31964 3)))
     (let ((x (env-ref env31964 2)))
       (let ((member? (env-ref env31964 1)))
         (clo-app member? kont31707 x a3161831829)))))
  (proc
   (lam31965 env31966 a3161631826)
   (let ((cdr (env-ref env31966 5)))
     (let ((lst (env-ref env31966 4)))
       (let ((kont31707 (env-ref env31966 3)))
         (let ((x (env-ref env31966 2)))
           (let ((member? (env-ref env31966 1)))
             (if a3161631826
               (let ((x3161731827 '#t)) (clo-app kont31707 x3161731827))
               (let ((f3170831828 (make-closure lam31963 member? x kont31707)))
                 (clo-app cdr f3170831828 lst)))))))))
  (proc
   (lam31967 env31968 a3161531824)
   (let ((cdr (env-ref env31968 6)))
     (let ((lst (env-ref env31968 5)))
       (let ((kont31707 (env-ref env31968 4)))
         (let ((equal? (env-ref env31968 3)))
           (let ((x (env-ref env31968 2)))
             (let ((member? (env-ref env31968 1)))
               (let ((f3170931825
                      (make-closure lam31965 member? x kont31707 lst cdr)))
                 (clo-app equal? f3170931825 a3161531824 x)))))))))
  (proc
   (lam31969 env31970 a3161331821)
   (let ((cdr (env-ref env31970 7)))
     (let ((lst (env-ref env31970 6)))
       (let ((kont31707 (env-ref env31970 5)))
         (let ((equal? (env-ref env31970 4)))
           (let ((x (env-ref env31970 3)))
             (let ((car (env-ref env31970 2)))
               (let ((member? (env-ref env31970 1)))
                 (if a3161331821
                   (let ((x3161431822 '#f)) (clo-app kont31707 x3161431822))
                   (let ((f3171031823
                          (make-closure
                           lam31967
                           member?
                           x
                           equal?
                           kont31707
                           lst
                           cdr)))
                     (clo-app car f3171031823 lst)))))))))))
  (proc
   (member? _31971 kont31707 x lst)
   (let ((f3171131820
          (make-closure lam31969 member? car x equal? kont31707 lst cdr)))
     (clo-app null? f3171131820 lst)))
  (proc
   (lam31972 env31973 a3162231837)
   (let ((a3162131835 (env-ref env31973 4)))
     (let ((foldl (env-ref env31973 3)))
       (let ((kont31712 (env-ref env31973 2)))
         (let ((fun (env-ref env31973 1)))
           (clo-app foldl kont31712 fun a3162131835 a3162231837))))))
  (proc
   (lam31974 env31975 a3162131835)
   (let ((cdr (env-ref env31975 5)))
     (let ((lst (env-ref env31975 4)))
       (let ((foldl (env-ref env31975 3)))
         (let ((kont31712 (env-ref env31975 2)))
           (let ((fun (env-ref env31975 1)))
             (let ((f3171331836
                    (make-closure lam31972 fun kont31712 foldl a3162131835)))
               (clo-app cdr f3171331836 lst))))))))
  (proc
   (lam31976 env31977 a3162031833)
   (let ((cdr (env-ref env31977 6)))
     (let ((lst (env-ref env31977 5)))
       (let ((acc (env-ref env31977 4)))
         (let ((foldl (env-ref env31977 3)))
           (let ((kont31712 (env-ref env31977 2)))
             (let ((fun (env-ref env31977 1)))
               (let ((f3171431834
                      (make-closure lam31974 fun kont31712 foldl lst cdr)))
                 (clo-app fun f3171431834 a3162031833 acc)))))))))
  (proc
   (lam31978 env31979 a3161931831)
   (let ((cdr (env-ref env31979 7)))
     (let ((lst (env-ref env31979 6)))
       (let ((acc (env-ref env31979 5)))
         (let ((car (env-ref env31979 4)))
           (let ((foldl (env-ref env31979 3)))
             (let ((kont31712 (env-ref env31979 2)))
               (let ((fun (env-ref env31979 1)))
                 (if a3161931831
                   (clo-app kont31712 acc)
                   (let ((f3171531832
                          (make-closure
                           lam31976
                           fun
                           kont31712
                           foldl
                           acc
                           lst
                           cdr)))
                     (clo-app car f3171531832 lst)))))))))))
  (proc
   (foldl _31980 kont31712 fun acc lst)
   (let ((f3171631830
          (make-closure lam31978 fun kont31712 foldl car acc lst cdr)))
     (clo-app null? f3171631830 lst)))
  (proc
   (lam31981 env31982 a3162631845)
   (let ((reverse-helper (env-ref env31982 3)))
     (let ((a3162431841 (env-ref env31982 2)))
       (let ((kont31717 (env-ref env31982 1)))
         (clo-app reverse-helper kont31717 a3162431841 a3162631845)))))
  (proc
   (lam31983 env31984 a3162531843)
   (let ((reverse-helper (env-ref env31984 5)))
     (let ((a3162431841 (env-ref env31984 4)))
       (let ((lst2 (env-ref env31984 3)))
         (let ((cons (env-ref env31984 2)))
           (let ((kont31717 (env-ref env31984 1)))
             (let ((f3171831844
                    (make-closure
                     lam31981
                     kont31717
                     a3162431841
                     reverse-helper)))
               (clo-app cons f3171831844 a3162531843 lst2))))))))
  (proc
   (lam31985 env31986 a3162431841)
   (let ((lst (env-ref env31986 6)))
     (let ((reverse-helper (env-ref env31986 5)))
       (let ((lst2 (env-ref env31986 4)))
         (let ((car (env-ref env31986 3)))
           (let ((cons (env-ref env31986 2)))
             (let ((kont31717 (env-ref env31986 1)))
               (let ((f3171931842
                      (make-closure
                       lam31983
                       kont31717
                       cons
                       lst2
                       a3162431841
                       reverse-helper)))
                 (clo-app car f3171931842 lst)))))))))
  (proc
   (lam31987 env31988 a3162331839)
   (let ((cdr (env-ref env31988 7)))
     (let ((lst (env-ref env31988 6)))
       (let ((reverse-helper (env-ref env31988 5)))
         (let ((lst2 (env-ref env31988 4)))
           (let ((car (env-ref env31988 3)))
             (let ((cons (env-ref env31988 2)))
               (let ((kont31717 (env-ref env31988 1)))
                 (if a3162331839
                   (clo-app kont31717 lst2)
                   (let ((f3172031840
                          (make-closure
                           lam31985
                           kont31717
                           cons
                           car
                           lst2
                           reverse-helper
                           lst)))
                     (clo-app cdr f3172031840 lst)))))))))))
  (proc
   (reverse-helper _31989 kont31717 lst lst2)
   (let ((f3172131838
          (make-closure
           lam31987
           kont31717
           cons
           car
           lst2
           reverse-helper
           lst
           cdr)))
     (clo-app null? f3172131838 lst)))
  (proc
   (lam31990 env31991 a3162731847)
   (let ((reverse-helper (env-ref env31991 3)))
     (let ((lst (env-ref env31991 2)))
       (let ((kont31722 (env-ref env31991 1)))
         (clo-app reverse-helper kont31722 lst a3162731847)))))
  (proc
   (reverse _31992 kont31722 lst)
   (let ((f3172331846 (make-closure lam31990 kont31722 lst reverse-helper)))
     (clo-app list f3172331846)))
  (proc
   (lam31993 env31994 x3163031852)
   (let ((kont31724 (env-ref env31994 1))) (clo-app kont31724 x3163031852)))
  (proc
   (lam31995 env31996 a3163531861)
   (let ((kont31724 (env-ref env31996 4)))
     (let ((a3163131854 (env-ref env31996 3)))
       (let ((a3163331857 (env-ref env31996 2)))
         (let ((take-helper (env-ref env31996 1)))
           (clo-app
            take-helper
            kont31724
            a3163131854
            a3163331857
            a3163531861))))))
  (proc
   (lam31997 env31998 a3163431859)
   (let ((kont31724 (env-ref env31998 6)))
     (let ((a3163131854 (env-ref env31998 5)))
       (let ((a3163331857 (env-ref env31998 4)))
         (let ((cons (env-ref env31998 3)))
           (let ((take-helper (env-ref env31998 2)))
             (let ((lst2 (env-ref env31998 1)))
               (let ((f3172631860
                      (make-closure
                       lam31995
                       take-helper
                       a3163331857
                       a3163131854
                       kont31724)))
                 (clo-app cons f3172631860 a3163431859 lst2)))))))))
  (proc
   (lam31999 env32000 a3163331857)
   (let ((lst (env-ref env32000 7)))
     (let ((kont31724 (env-ref env32000 6)))
       (let ((a3163131854 (env-ref env32000 5)))
         (let ((car (env-ref env32000 4)))
           (let ((cons (env-ref env32000 3)))
             (let ((take-helper (env-ref env32000 2)))
               (let ((lst2 (env-ref env32000 1)))
                 (let ((f3172731858
                        (make-closure
                         lam31997
                         lst2
                         take-helper
                         cons
                         a3163331857
                         a3163131854
                         kont31724)))
                   (clo-app car f3172731858 lst))))))))))
  (proc
   (lam32002 env32003 a3163131854)
   (let ((lst (env-ref env32003 8)))
     (let ((kont31724 (env-ref env32003 7)))
       (let ((cons (env-ref env32003 6)))
         (let ((- (env-ref env32003 5)))
           (let ((take-helper (env-ref env32003 4)))
             (let ((lst2 (env-ref env32003 3)))
               (let ((n (env-ref env32003 2)))
                 (let ((car (env-ref env32003 1)))
                   (let ((a3163231855 '1))
                     (let ((f3172831856
                            (make-closure
                             lam31999
                             lst2
                             take-helper
                             cons
                             car
                             a3163131854
                             kont31724
                             lst)))
                       (clo-app - f3172831856 n a3163231855))))))))))))
  (proc
   (lam32004 env32005 a3162931850)
   (let ((cdr (env-ref env32005 10)))
     (let ((lst (env-ref env32005 9)))
       (let ((kont31724 (env-ref env32005 8)))
         (let ((reverse (env-ref env32005 7)))
           (let ((cons (env-ref env32005 6)))
             (let ((- (env-ref env32005 5)))
               (let ((take-helper (env-ref env32005 4)))
                 (let ((lst2 (env-ref env32005 3)))
                   (let ((n (env-ref env32005 2)))
                     (let ((car (env-ref env32005 1)))
                       (if a3162931850
                         (let ((f3172531851 (make-closure lam31993 kont31724)))
                           (clo-app reverse f3172531851 lst2))
                         (let ((f3172931853
                                (make-closure
                                 lam32002
                                 car
                                 n
                                 lst2
                                 take-helper
                                 -
                                 cons
                                 kont31724
                                 lst)))
                           (clo-app cdr f3172931853 lst))))))))))))))
  (proc
   (take-helper _32007 kont31724 lst n lst2)
   (let ((a3162831848 '0))
     (let ((f3173031849
            (make-closure
             lam32004
             car
             n
             lst2
             take-helper
             -
             cons
             reverse
             kont31724
             lst
             cdr)))
       (clo-app = f3173031849 n a3162831848))))
  (proc
   (lam32008 env32009 a3163631863)
   (let ((lst (env-ref env32009 4)))
     (let ((take-helper (env-ref env32009 3)))
       (let ((kont31731 (env-ref env32009 2)))
         (let ((n (env-ref env32009 1)))
           (clo-app take-helper kont31731 lst n a3163631863))))))
  (proc
   (take _32010 kont31731 lst n)
   (let ((f3173231862 (make-closure lam32008 n kont31731 take-helper lst)))
     (clo-app list f3173231862)))
  (proc
   (lam32012 env32013 a3164131871)
   (let ((a3163931867 (env-ref env32013 3)))
     (let ((+ (env-ref env32013 2)))
       (let ((kont31733 (env-ref env32013 1)))
         (clo-app + kont31733 a3163931867 a3164131871)))))
  (proc
   (lam32014 env32015 a3164031869)
   (let ((+ (env-ref env32015 4)))
     (let ((kont31733 (env-ref env32015 3)))
       (let ((a3163931867 (env-ref env32015 2)))
         (let ((length (env-ref env32015 1)))
           (let ((f3173431870 (make-closure lam32012 kont31733 + a3163931867)))
             (clo-app length f3173431870 a3164031869)))))))
  (proc
   (lam32017 env32018 a3163731865)
   (let ((cdr (env-ref env32018 5)))
     (let ((lst (env-ref env32018 4)))
       (let ((length (env-ref env32018 3)))
         (let ((+ (env-ref env32018 2)))
           (let ((kont31733 (env-ref env32018 1)))
             (if a3163731865
               (let ((x3163831866 '0)) (clo-app kont31733 x3163831866))
               (let ((a3163931867 '1))
                 (let ((f3173531868
                        (make-closure
                         lam32014
                         length
                         a3163931867
                         kont31733
                         +)))
                   (clo-app cdr f3173531868 lst))))))))))
  (proc
   (length _32019 kont31733 lst)
   (let ((f3173631864 (make-closure lam32017 kont31733 + length lst cdr)))
     (clo-app null? f3173631864 lst)))
  (proc
   (lam32020 env32021 x3164331875)
   (let ((kont31737 (env-ref env32021 1))) (clo-app kont31737 x3164331875)))
  (proc
   (lam32022 env32023 a3164731883)
   (let ((a3164531879 (env-ref env32023 3)))
     (let ((kont31737 (env-ref env32023 2)))
       (let ((cons (env-ref env32023 1)))
         (clo-app cons kont31737 a3164531879 a3164731883)))))
  (proc
   (lam32024 env32025 a3164631881)
   (let ((a3164531879 (env-ref env32025 5)))
     (let ((kont31737 (env-ref env32025 4)))
       (let ((map (env-ref env32025 3)))
         (let ((proc (env-ref env32025 2)))
           (let ((cons (env-ref env32025 1)))
             (let ((f3173931882
                    (make-closure lam32022 cons kont31737 a3164531879)))
               (clo-app map f3173931882 proc a3164631881))))))))
  (proc
   (lam32026 env32027 a3164531879)
   (let ((cdr (env-ref env32027 6)))
     (let ((kont31737 (env-ref env32027 5)))
       (let ((lst (env-ref env32027 4)))
         (let ((map (env-ref env32027 3)))
           (let ((proc (env-ref env32027 2)))
             (let ((cons (env-ref env32027 1)))
               (let ((f3174031880
                      (make-closure
                       lam32024
                       cons
                       proc
                       map
                       kont31737
                       a3164531879)))
                 (clo-app cdr f3174031880 lst)))))))))
  (proc
   (lam32028 env32029 a3164431877)
   (let ((cdr (env-ref env32029 6)))
     (let ((kont31737 (env-ref env32029 5)))
       (let ((lst (env-ref env32029 4)))
         (let ((map (env-ref env32029 3)))
           (let ((proc (env-ref env32029 2)))
             (let ((cons (env-ref env32029 1)))
               (let ((f3174131878
                      (make-closure lam32026 cons proc map lst kont31737 cdr)))
                 (clo-app proc f3174131878 a3164431877)))))))))
  (proc
   (lam32030 env32031 a3164231873)
   (let ((kont31737 (env-ref env32031 8)))
     (let ((lst (env-ref env32031 7)))
       (let ((map (env-ref env32031 6)))
         (let ((proc (env-ref env32031 5)))
           (let ((car (env-ref env32031 4)))
             (let ((cons (env-ref env32031 3)))
               (let ((list (env-ref env32031 2)))
                 (let ((cdr (env-ref env32031 1)))
                   (if a3164231873
                     (let ((f3173831874 (make-closure lam32020 kont31737)))
                       (clo-app list f3173831874))
                     (let ((f3174231876
                            (make-closure
                             lam32028
                             cons
                             proc
                             map
                             lst
                             kont31737
                             cdr)))
                       (clo-app car f3174231876 lst))))))))))))
  (proc
   (map _32032 kont31737 proc lst)
   (let ((f3174331872
          (make-closure lam32030 cdr list cons car proc map lst kont31737)))
     (clo-app null? f3174331872 lst)))
  (proc
   (lam32033 env32034 x3164931887)
   (let ((kont31744 (env-ref env32034 1))) (clo-app kont31744 x3164931887)))
  (proc
   (lam32035 env32036 a3165431897)
   (let ((kont31744 (env-ref env32036 3)))
     (let ((cons (env-ref env32036 2)))
       (let ((a3165231893 (env-ref env32036 1)))
         (clo-app cons kont31744 a3165231893 a3165431897)))))
  (proc
   (lam32037 env32038 a3165331895)
   (let ((op (env-ref env32038 5)))
     (let ((kont31744 (env-ref env32038 4)))
       (let ((filter (env-ref env32038 3)))
         (let ((cons (env-ref env32038 2)))
           (let ((a3165231893 (env-ref env32038 1)))
             (let ((f3174631896
                    (make-closure lam32035 a3165231893 cons kont31744)))
               (clo-app filter f3174631896 op a3165331895))))))))
  (proc
   (lam32039 env32040 a3165231893)
   (let ((cdr (env-ref env32040 6)))
     (let ((lst (env-ref env32040 5)))
       (let ((op (env-ref env32040 4)))
         (let ((kont31744 (env-ref env32040 3)))
           (let ((filter (env-ref env32040 2)))
             (let ((cons (env-ref env32040 1)))
               (let ((f3174731894
                      (make-closure
                       lam32037
                       a3165231893
                       cons
                       filter
                       kont31744
                       op)))
                 (clo-app cdr f3174731894 lst)))))))))
  (proc
   (lam32041 env32042 a3165531899)
   (let ((op (env-ref env32042 3)))
     (let ((kont31744 (env-ref env32042 2)))
       (let ((filter (env-ref env32042 1)))
         (clo-app filter kont31744 op a3165531899)))))
  (proc
   (lam32043 env32044 a3165131891)
   (let ((cdr (env-ref env32044 7)))
     (let ((lst (env-ref env32044 6)))
       (let ((op (env-ref env32044 5)))
         (let ((kont31744 (env-ref env32044 4)))
           (let ((cons (env-ref env32044 3)))
             (let ((filter (env-ref env32044 2)))
               (let ((car (env-ref env32044 1)))
                 (if a3165131891
                   (let ((f3174831892
                          (make-closure
                           lam32039
                           cons
                           filter
                           kont31744
                           op
                           lst
                           cdr)))
                     (clo-app car f3174831892 lst))
                   (let ((f3174931898
                          (make-closure lam32041 filter kont31744 op)))
                     (clo-app cdr f3174931898 lst)))))))))))
  (proc
   (lam32045 env32046 a3165031889)
   (let ((cdr (env-ref env32046 7)))
     (let ((lst (env-ref env32046 6)))
       (let ((op (env-ref env32046 5)))
         (let ((kont31744 (env-ref env32046 4)))
           (let ((cons (env-ref env32046 3)))
             (let ((filter (env-ref env32046 2)))
               (let ((car (env-ref env32046 1)))
                 (let ((f3175031890
                        (make-closure
                         lam32043
                         car
                         filter
                         cons
                         kont31744
                         op
                         lst
                         cdr)))
                   (clo-app op f3175031890 a3165031889))))))))))
  (proc
   (lam32047 env32048 a3164831885)
   (let ((lst (env-ref env32048 8)))
     (let ((op (env-ref env32048 7)))
       (let ((kont31744 (env-ref env32048 6)))
         (let ((cons (env-ref env32048 5)))
           (let ((list (env-ref env32048 4)))
             (let ((cdr (env-ref env32048 3)))
               (let ((filter (env-ref env32048 2)))
                 (let ((car (env-ref env32048 1)))
                   (if a3164831885
                     (let ((f3174531886 (make-closure lam32033 kont31744)))
                       (clo-app list f3174531886))
                     (let ((f3175131888
                            (make-closure
                             lam32045
                             car
                             filter
                             cons
                             kont31744
                             op
                             lst
                             cdr)))
                       (clo-app car f3175131888 lst))))))))))))
  (proc
   (filter _32049 kont31744 op lst)
   (let ((f3175231884
          (make-closure lam32047 car filter cdr list cons kont31744 op lst)))
     (clo-app null? f3175231884 lst)))
  (proc
   (lam32050 env32051 a3166031907)
   (let ((kont31753 (env-ref env32051 3)))
     (let ((drop (env-ref env32051 2)))
       (let ((a3165831904 (env-ref env32051 1)))
         (clo-app drop kont31753 a3165831904 a3166031907)))))
  (proc
   (lam32053 env32054 a3165831904)
   (let ((kont31753 (env-ref env32054 4)))
     (let ((drop (env-ref env32054 3)))
       (let ((n (env-ref env32054 2)))
         (let ((- (env-ref env32054 1)))
           (let ((a3165931905 '1))
             (let ((f3175431906
                    (make-closure lam32050 a3165831904 drop kont31753)))
               (clo-app - f3175431906 n a3165931905))))))))
  (proc
   (lam32055 env32056 a3165731902)
   (let ((cdr (env-ref env32056 6)))
     (let ((kont31753 (env-ref env32056 5)))
       (let ((n (env-ref env32056 4)))
         (let ((- (env-ref env32056 3)))
           (let ((lst (env-ref env32056 2)))
             (let ((drop (env-ref env32056 1)))
               (if a3165731902
                 (clo-app kont31753 lst)
                 (let ((f3175531903
                        (make-closure lam32053 - n drop kont31753)))
                   (clo-app cdr f3175531903 lst))))))))))
  (proc
   (drop _32058 kont31753 lst n)
   (let ((a3165631900 '0))
     (let ((f3175631901 (make-closure lam32055 drop lst - n kont31753 cdr)))
       (clo-app = f3175631901 n a3165631900))))
  (proc
   (lam32059 env32060 a3166431915)
   (let ((a3166231911 (env-ref env32060 3)))
     (let ((kont31757 (env-ref env32060 2)))
       (let ((proc (env-ref env32060 1)))
         (clo-app proc kont31757 a3166231911 a3166431915)))))
  (proc
   (lam32061 env32062 a3166331913)
   (let ((a3166231911 (env-ref env32062 5)))
     (let ((foldr (env-ref env32062 4)))
       (let ((kont31757 (env-ref env32062 3)))
         (let ((proc (env-ref env32062 2)))
           (let ((acc (env-ref env32062 1)))
             (let ((f3175831914
                    (make-closure lam32059 proc kont31757 a3166231911)))
               (clo-app foldr f3175831914 proc acc a3166331913))))))))
  (proc
   (lam32063 env32064 a3166231911)
   (let ((cdr (env-ref env32064 6)))
     (let ((kont31757 (env-ref env32064 5)))
       (let ((foldr (env-ref env32064 4)))
         (let ((lst (env-ref env32064 3)))
           (let ((proc (env-ref env32064 2)))
             (let ((acc (env-ref env32064 1)))
               (let ((f3175931912
                      (make-closure
                       lam32061
                       acc
                       proc
                       kont31757
                       foldr
                       a3166231911)))
                 (clo-app cdr f3175931912 lst)))))))))
  (proc
   (lam32065 env32066 a3166131909)
   (let ((cdr (env-ref env32066 7)))
     (let ((kont31757 (env-ref env32066 6)))
       (let ((car (env-ref env32066 5)))
         (let ((foldr (env-ref env32066 4)))
           (let ((lst (env-ref env32066 3)))
             (let ((proc (env-ref env32066 2)))
               (let ((acc (env-ref env32066 1)))
                 (if a3166131909
                   (clo-app kont31757 acc)
                   (let ((f3176031910
                          (make-closure
                           lam32063
                           acc
                           proc
                           lst
                           foldr
                           kont31757
                           cdr)))
                     (clo-app car f3176031910 lst)))))))))))
  (proc
   (foldr _32067 kont31757 proc acc lst)
   (let ((f3176131908
          (make-closure lam32065 acc proc lst foldr car kont31757 cdr)))
     (clo-app null? f3176131908 lst)))
  (proc
   (lam32068 env32069 a3166831923)
   (let ((a3166631919 (env-ref env32069 3)))
     (let ((kont31762 (env-ref env32069 2)))
       (let ((cons (env-ref env32069 1)))
         (clo-app cons kont31762 a3166631919 a3166831923)))))
  (proc
   (lam32070 env32071 a3166731921)
   (let ((append (env-ref env32071 5)))
     (let ((a3166631919 (env-ref env32071 4)))
       (let ((cons (env-ref env32071 3)))
         (let ((kont31762 (env-ref env32071 2)))
           (let ((lst2 (env-ref env32071 1)))
             (let ((f3176331922
                    (make-closure lam32068 cons kont31762 a3166631919)))
               (clo-app append f3176331922 a3166731921 lst2))))))))
  (proc
   (lam32072 env32073 a3166631919)
   (let ((cdr (env-ref env32073 6)))
     (let ((append (env-ref env32073 5)))
       (let ((lst1 (env-ref env32073 4)))
         (let ((cons (env-ref env32073 3)))
           (let ((kont31762 (env-ref env32073 2)))
             (let ((lst2 (env-ref env32073 1)))
               (let ((f3176431920
                      (make-closure
                       lam32070
                       lst2
                       kont31762
                       cons
                       a3166631919
                       append)))
                 (clo-app cdr f3176431920 lst1)))))))))
  (proc
   (lam32074 env32075 a3166531917)
   (let ((cdr (env-ref env32075 7)))
     (let ((append (env-ref env32075 6)))
       (let ((cons (env-ref env32075 5)))
         (let ((kont31762 (env-ref env32075 4)))
           (let ((lst2 (env-ref env32075 3)))
             (let ((lst1 (env-ref env32075 2)))
               (let ((car (env-ref env32075 1)))
                 (if a3166531917
                   (clo-app kont31762 lst2)
                   (let ((f3176531918
                          (make-closure
                           lam32072
                           lst2
                           kont31762
                           cons
                           lst1
                           append
                           cdr)))
                     (clo-app car f3176531918 lst1)))))))))))
  (proc
   (append _32076 kont31762 lst1 lst2)
   (let ((f3176631916
          (make-closure lam32074 car lst1 lst2 kont31762 cons append cdr)))
     (clo-app null? f3176631916 lst1)))
  (proc
   (hash _32077 . lst)
   (let ((kont3176731924 (prim car lst)))
     (let ((lst31925 (prim cdr lst)))
       (let ((x3166931926 (apply-prim hash lst31925)))
         (clo-app kont3176731924 x3166931926)))))
  (proc
   (hash-ref _32078 kont31769 h k)
   (let ((x3167031927 (prim hash-ref h k))) (clo-app kont31769 x3167031927)))
  (proc
   (hash-set _32079 kont31770 h k v)
   (let ((x3167131928 (prim hash-set h k v))) (clo-app kont31770 x3167131928)))
  (proc
   (hash-has-key? _32080 kont31771 h k)
   (let ((x3167231929 (prim hash-has-key? h k)))
     (clo-app kont31771 x3167231929)))
  (proc
   (hash-count _32081 kont31772 h)
   (let ((x3167331930 (prim hash-count h))) (clo-app kont31772 x3167331930)))
  (proc
   (call _32083 kont31773)
   (let ((a3167431931 '5)) (clo-app even? kont31773 a3167431931)))
  (proc
   (lam32084 env32085 x3167531933)
   (let ((kont31774 (env-ref env32085 1))) (clo-app kont31774 x3167531933)))
  (proc
   (brouhaha_main _32086 kont31774)
   (let ((f3177531932 (make-closure lam32084 kont31774)))
     (clo-app call f3177531932))))
