'((proc
   (+ _118967 . lst)
   (let ((kont118705118805 (prim car lst)))
     (let ((lst118806 (prim cdr lst)))
       (let ((x118616118807 (apply-prim + lst118806)))
         (clo-app kont118705118805 x118616118807)))))
  (proc
   (- _118968 . lst)
   (let ((kont118707118808 (prim car lst)))
     (let ((lst118809 (prim cdr lst)))
       (let ((x118617118810 (apply-prim - lst118809)))
         (clo-app kont118707118808 x118617118810)))))
  (proc
   (* _118969 . lst)
   (let ((kont118709118811 (prim car lst)))
     (let ((lst118812 (prim cdr lst)))
       (let ((x118618118813 (apply-prim * lst118812)))
         (clo-app kont118709118811 x118618118813)))))
  (proc
   (modulo _118970 kont118711 a b)
   (let ((x118619118814 (prim modulo a b)))
     (clo-app kont118711 x118619118814)))
  (proc
   (/ _118971 . lst)
   (let ((kont118712118815 (prim car lst)))
     (let ((lst118816 (prim cdr lst)))
       (let ((x118620118817 (apply-prim / lst118816)))
         (clo-app kont118712118815 x118620118817)))))
  (proc
   (= _118972 . lst)
   (let ((kont118714118818 (prim car lst)))
     (let ((lst118819 (prim cdr lst)))
       (let ((x118621118820 (apply-prim = lst118819)))
         (clo-app kont118714118818 x118621118820)))))
  (proc
   (> _118973 . lst)
   (let ((kont118716118821 (prim car lst)))
     (let ((lst118822 (prim cdr lst)))
       (let ((x118622118823 (apply-prim > lst118822)))
         (clo-app kont118716118821 x118622118823)))))
  (proc
   (< _118974 . lst)
   (let ((kont118718118824 (prim car lst)))
     (let ((lst118825 (prim cdr lst)))
       (let ((x118623118826 (apply-prim < lst118825)))
         (clo-app kont118718118824 x118623118826)))))
  (proc
   (<= _118975 . lst)
   (let ((kont118720118827 (prim car lst)))
     (let ((lst118828 (prim cdr lst)))
       (let ((x118624118829 (apply-prim <= lst118828)))
         (clo-app kont118720118827 x118624118829)))))
  (proc
   (>= _118976 . lst)
   (let ((kont118722118830 (prim car lst)))
     (let ((lst118831 (prim cdr lst)))
       (let ((x118625118832 (apply-prim >= lst118831)))
         (clo-app kont118722118830 x118625118832)))))
  (proc
   (null? _118977 kont118724 x)
   (let ((x118626118833 (prim null? x))) (clo-app kont118724 x118626118833)))
  (proc
   (equal? _118978 kont118725 x y)
   (let ((x118627118834 (prim equal? x y)))
     (clo-app kont118725 x118627118834)))
  (proc
   (eq? _118979 kont118726 x y)
   (let ((x118628118835 (prim eq? x y))) (clo-app kont118726 x118628118835)))
  (proc
   (cons _118980 kont118727 a b)
   (let ((x118629118836 (prim cons a b))) (clo-app kont118727 x118629118836)))
  (proc
   (car _118981 kont118728 lst)
   (let ((x118630118837 (prim car lst))) (clo-app kont118728 x118630118837)))
  (proc
   (cdr _118982 kont118729 lst)
   (let ((x118631118838 (prim cdr lst))) (clo-app kont118729 x118631118838)))
  (proc
   (lam118983 env118984 a118634118842)
   (let ((kont118730 (env-ref env118984 3)))
     (let ((equal? (env-ref env118984 2)))
       (let ((a118632118839 (env-ref env118984 1)))
         (clo-app equal? kont118730 a118632118839 a118634118842)))))
  (proc
   (even? _118987 kont118730 x)
   (let ((a118632118839 '0))
     (let ((a118633118840 '2))
       (let ((f118731118841
              (make-closure lam118983 a118632118839 equal? kont118730)))
         (clo-app modulo f118731118841 x a118633118840)))))
  (proc
   (lam118988 env118989 a118637118846)
   (let ((a118635118843 (env-ref env118989 3)))
     (let ((kont118732 (env-ref env118989 2)))
       (let ((equal? (env-ref env118989 1)))
         (clo-app equal? kont118732 a118635118843 a118637118846)))))
  (proc
   (odd? _118992 kont118732 x)
   (let ((a118635118843 '1))
     (let ((a118636118844 '2))
       (let ((f118733118845
              (make-closure lam118988 equal? kont118732 a118635118843)))
         (clo-app modulo f118733118845 x a118636118844)))))
  (proc
   (list _118993 . x)
   (let ((kont118734118847 (prim car x)))
     (let ((x118848 (prim cdr x))) (clo-app kont118734118847 x118848))))
  (proc
   (lam118996 env118997 a118643118858)
   (let ((kont118736 (env-ref env118997 3)))
     (let ((x (env-ref env118997 2)))
       (let ((member? (env-ref env118997 1)))
         (clo-app member? kont118736 x a118643118858)))))
  (proc
   (lam118998 env118999 a118641118855)
   (let ((cdr (env-ref env118999 5)))
     (let ((lst (env-ref env118999 4)))
       (let ((kont118736 (env-ref env118999 3)))
         (let ((x (env-ref env118999 2)))
           (let ((member? (env-ref env118999 1)))
             (if a118641118855
               (let ((x118642118856 '#t)) (clo-app kont118736 x118642118856))
               (let ((f118737118857
                      (make-closure lam118996 member? x kont118736)))
                 (clo-app cdr f118737118857 lst)))))))))
  (proc
   (lam119000 env119001 a118640118853)
   (let ((cdr (env-ref env119001 6)))
     (let ((lst (env-ref env119001 5)))
       (let ((kont118736 (env-ref env119001 4)))
         (let ((equal? (env-ref env119001 3)))
           (let ((x (env-ref env119001 2)))
             (let ((member? (env-ref env119001 1)))
               (let ((f118738118854
                      (make-closure lam118998 member? x kont118736 lst cdr)))
                 (clo-app equal? f118738118854 a118640118853 x)))))))))
  (proc
   (lam119002 env119003 a118638118850)
   (let ((cdr (env-ref env119003 7)))
     (let ((lst (env-ref env119003 6)))
       (let ((kont118736 (env-ref env119003 5)))
         (let ((equal? (env-ref env119003 4)))
           (let ((x (env-ref env119003 3)))
             (let ((car (env-ref env119003 2)))
               (let ((member? (env-ref env119003 1)))
                 (if a118638118850
                   (let ((x118639118851 '#f))
                     (clo-app kont118736 x118639118851))
                   (let ((f118739118852
                          (make-closure
                           lam119000
                           member?
                           x
                           equal?
                           kont118736
                           lst
                           cdr)))
                     (clo-app car f118739118852 lst)))))))))))
  (proc
   (member? _119004 kont118736 x lst)
   (let ((f118740118849
          (make-closure lam119002 member? car x equal? kont118736 lst cdr)))
     (clo-app null? f118740118849 lst)))
  (proc
   (lam119005 env119006 a118647118866)
   (let ((a118646118864 (env-ref env119006 4)))
     (let ((fun (env-ref env119006 3)))
       (let ((kont118741 (env-ref env119006 2)))
         (let ((foldl (env-ref env119006 1)))
           (clo-app foldl kont118741 fun a118646118864 a118647118866))))))
  (proc
   (lam119007 env119008 a118646118864)
   (let ((cdr (env-ref env119008 5)))
     (let ((lst (env-ref env119008 4)))
       (let ((fun (env-ref env119008 3)))
         (let ((kont118741 (env-ref env119008 2)))
           (let ((foldl (env-ref env119008 1)))
             (let ((f118742118865
                    (make-closure
                     lam119005
                     foldl
                     kont118741
                     fun
                     a118646118864)))
               (clo-app cdr f118742118865 lst))))))))
  (proc
   (lam119009 env119010 a118645118862)
   (let ((cdr (env-ref env119010 6)))
     (let ((lst (env-ref env119010 5)))
       (let ((fun (env-ref env119010 4)))
         (let ((acc (env-ref env119010 3)))
           (let ((kont118741 (env-ref env119010 2)))
             (let ((foldl (env-ref env119010 1)))
               (let ((f118743118863
                      (make-closure lam119007 foldl kont118741 fun lst cdr)))
                 (clo-app fun f118743118863 a118645118862 acc)))))))))
  (proc
   (lam119011 env119012 a118644118860)
   (let ((cdr (env-ref env119012 7)))
     (let ((lst (env-ref env119012 6)))
       (let ((fun (env-ref env119012 5)))
         (let ((acc (env-ref env119012 4)))
           (let ((kont118741 (env-ref env119012 3)))
             (let ((car (env-ref env119012 2)))
               (let ((foldl (env-ref env119012 1)))
                 (if a118644118860
                   (clo-app kont118741 acc)
                   (let ((f118744118861
                          (make-closure
                           lam119009
                           foldl
                           kont118741
                           acc
                           fun
                           lst
                           cdr)))
                     (clo-app car f118744118861 lst)))))))))))
  (proc
   (foldl _119013 kont118741 fun acc lst)
   (let ((f118745118859
          (make-closure lam119011 foldl car kont118741 acc fun lst cdr)))
     (clo-app null? f118745118859 lst)))
  (proc
   (lam119014 env119015 a118651118874)
   (let ((kont118746 (env-ref env119015 3)))
     (let ((reverse-helper (env-ref env119015 2)))
       (let ((a118649118870 (env-ref env119015 1)))
         (clo-app reverse-helper kont118746 a118649118870 a118651118874)))))
  (proc
   (lam119016 env119017 a118650118872)
   (let ((kont118746 (env-ref env119017 5)))
     (let ((reverse-helper (env-ref env119017 4)))
       (let ((lst2 (env-ref env119017 3)))
         (let ((a118649118870 (env-ref env119017 2)))
           (let ((cons (env-ref env119017 1)))
             (let ((f118747118873
                    (make-closure
                     lam119014
                     a118649118870
                     reverse-helper
                     kont118746)))
               (clo-app cons f118747118873 a118650118872 lst2))))))))
  (proc
   (lam119018 env119019 a118649118870)
   (let ((kont118746 (env-ref env119019 6)))
     (let ((lst (env-ref env119019 5)))
       (let ((reverse-helper (env-ref env119019 4)))
         (let ((lst2 (env-ref env119019 3)))
           (let ((car (env-ref env119019 2)))
             (let ((cons (env-ref env119019 1)))
               (let ((f118748118871
                      (make-closure
                       lam119016
                       cons
                       a118649118870
                       lst2
                       reverse-helper
                       kont118746)))
                 (clo-app car f118748118871 lst)))))))))
  (proc
   (lam119020 env119021 a118648118868)
   (let ((cdr (env-ref env119021 7)))
     (let ((kont118746 (env-ref env119021 6)))
       (let ((lst (env-ref env119021 5)))
         (let ((reverse-helper (env-ref env119021 4)))
           (let ((lst2 (env-ref env119021 3)))
             (let ((car (env-ref env119021 2)))
               (let ((cons (env-ref env119021 1)))
                 (if a118648118868
                   (clo-app kont118746 lst2)
                   (let ((f118749118869
                          (make-closure
                           lam119018
                           cons
                           car
                           lst2
                           reverse-helper
                           lst
                           kont118746)))
                     (clo-app cdr f118749118869 lst)))))))))))
  (proc
   (reverse-helper _119022 kont118746 lst lst2)
   (let ((f118750118867
          (make-closure
           lam119020
           cons
           car
           lst2
           reverse-helper
           lst
           kont118746
           cdr)))
     (clo-app null? f118750118867 lst)))
  (proc
   (lam119023 env119024 a118652118876)
   (let ((lst (env-ref env119024 3)))
     (let ((kont118751 (env-ref env119024 2)))
       (let ((reverse-helper (env-ref env119024 1)))
         (clo-app reverse-helper kont118751 lst a118652118876)))))
  (proc
   (reverse _119025 kont118751 lst)
   (let ((f118752118875
          (make-closure lam119023 reverse-helper kont118751 lst)))
     (clo-app list f118752118875)))
  (proc
   (lam119026 env119027 x118655118881)
   (let ((kont118753 (env-ref env119027 1)))
     (clo-app kont118753 x118655118881)))
  (proc
   (lam119028 env119029 a118660118890)
   (let ((kont118753 (env-ref env119029 4)))
     (let ((a118656118883 (env-ref env119029 3)))
       (let ((take-helper (env-ref env119029 2)))
         (let ((a118658118886 (env-ref env119029 1)))
           (clo-app
            take-helper
            kont118753
            a118656118883
            a118658118886
            a118660118890))))))
  (proc
   (lam119030 env119031 a118659118888)
   (let ((kont118753 (env-ref env119031 6)))
     (let ((a118656118883 (env-ref env119031 5)))
       (let ((a118658118886 (env-ref env119031 4)))
         (let ((cons (env-ref env119031 3)))
           (let ((take-helper (env-ref env119031 2)))
             (let ((lst2 (env-ref env119031 1)))
               (let ((f118755118889
                      (make-closure
                       lam119028
                       a118658118886
                       take-helper
                       a118656118883
                       kont118753)))
                 (clo-app cons f118755118889 a118659118888 lst2)))))))))
  (proc
   (lam119032 env119033 a118658118886)
   (let ((lst (env-ref env119033 7)))
     (let ((kont118753 (env-ref env119033 6)))
       (let ((a118656118883 (env-ref env119033 5)))
         (let ((car (env-ref env119033 4)))
           (let ((cons (env-ref env119033 3)))
             (let ((take-helper (env-ref env119033 2)))
               (let ((lst2 (env-ref env119033 1)))
                 (let ((f118756118887
                        (make-closure
                         lam119030
                         lst2
                         take-helper
                         cons
                         a118658118886
                         a118656118883
                         kont118753)))
                   (clo-app car f118756118887 lst))))))))))
  (proc
   (lam119035 env119036 a118656118883)
   (let ((lst (env-ref env119036 8)))
     (let ((kont118753 (env-ref env119036 7)))
       (let ((cons (env-ref env119036 6)))
         (let ((- (env-ref env119036 5)))
           (let ((take-helper (env-ref env119036 4)))
             (let ((lst2 (env-ref env119036 3)))
               (let ((n (env-ref env119036 2)))
                 (let ((car (env-ref env119036 1)))
                   (let ((a118657118884 '1))
                     (let ((f118757118885
                            (make-closure
                             lam119032
                             lst2
                             take-helper
                             cons
                             car
                             a118656118883
                             kont118753
                             lst)))
                       (clo-app - f118757118885 n a118657118884))))))))))))
  (proc
   (lam119037 env119038 a118654118879)
   (let ((cdr (env-ref env119038 10)))
     (let ((lst (env-ref env119038 9)))
       (let ((reverse (env-ref env119038 8)))
         (let ((kont118753 (env-ref env119038 7)))
           (let ((cons (env-ref env119038 6)))
             (let ((- (env-ref env119038 5)))
               (let ((take-helper (env-ref env119038 4)))
                 (let ((lst2 (env-ref env119038 3)))
                   (let ((n (env-ref env119038 2)))
                     (let ((car (env-ref env119038 1)))
                       (if a118654118879
                         (let ((f118754118880
                                (make-closure lam119026 kont118753)))
                           (clo-app reverse f118754118880 lst2))
                         (let ((f118758118882
                                (make-closure
                                 lam119035
                                 car
                                 n
                                 lst2
                                 take-helper
                                 -
                                 cons
                                 kont118753
                                 lst)))
                           (clo-app cdr f118758118882 lst))))))))))))))
  (proc
   (take-helper _119040 kont118753 lst n lst2)
   (let ((a118653118877 '0))
     (let ((f118759118878
            (make-closure
             lam119037
             car
             n
             lst2
             take-helper
             -
             cons
             kont118753
             reverse
             lst
             cdr)))
       (clo-app = f118759118878 n a118653118877))))
  (proc
   (lam119041 env119042 a118661118892)
   (let ((lst (env-ref env119042 4)))
     (let ((take-helper (env-ref env119042 3)))
       (let ((n (env-ref env119042 2)))
         (let ((kont118760 (env-ref env119042 1)))
           (clo-app take-helper kont118760 lst n a118661118892))))))
  (proc
   (take _119043 kont118760 lst n)
   (let ((f118761118891 (make-closure lam119041 kont118760 n take-helper lst)))
     (clo-app list f118761118891)))
  (proc
   (lam119045 env119046 a118666118900)
   (let ((kont118762 (env-ref env119046 3)))
     (let ((a118664118896 (env-ref env119046 2)))
       (let ((+ (env-ref env119046 1)))
         (clo-app + kont118762 a118664118896 a118666118900)))))
  (proc
   (lam119047 env119048 a118665118898)
   (let ((kont118762 (env-ref env119048 4)))
     (let ((length (env-ref env119048 3)))
       (let ((a118664118896 (env-ref env119048 2)))
         (let ((+ (env-ref env119048 1)))
           (let ((f118763118899
                  (make-closure lam119045 + a118664118896 kont118762)))
             (clo-app length f118763118899 a118665118898)))))))
  (proc
   (lam119050 env119051 a118662118894)
   (let ((cdr (env-ref env119051 5)))
     (let ((kont118762 (env-ref env119051 4)))
       (let ((lst (env-ref env119051 3)))
         (let ((length (env-ref env119051 2)))
           (let ((+ (env-ref env119051 1)))
             (if a118662118894
               (let ((x118663118895 '0)) (clo-app kont118762 x118663118895))
               (let ((a118664118896 '1))
                 (let ((f118764118897
                        (make-closure
                         lam119047
                         +
                         a118664118896
                         length
                         kont118762)))
                   (clo-app cdr f118764118897 lst))))))))))
  (proc
   (length _119052 kont118762 lst)
   (let ((f118765118893 (make-closure lam119050 + length lst kont118762 cdr)))
     (clo-app null? f118765118893 lst)))
  (proc
   (lam119053 env119054 x118668118904)
   (let ((kont118766 (env-ref env119054 1)))
     (clo-app kont118766 x118668118904)))
  (proc
   (lam119055 env119056 a118672118912)
   (let ((a118670118908 (env-ref env119056 3)))
     (let ((kont118766 (env-ref env119056 2)))
       (let ((cons (env-ref env119056 1)))
         (clo-app cons kont118766 a118670118908 a118672118912)))))
  (proc
   (lam119057 env119058 a118671118910)
   (let ((a118670118908 (env-ref env119058 5)))
     (let ((proc (env-ref env119058 4)))
       (let ((cons (env-ref env119058 3)))
         (let ((map (env-ref env119058 2)))
           (let ((kont118766 (env-ref env119058 1)))
             (let ((f118768118911
                    (make-closure lam119055 cons kont118766 a118670118908)))
               (clo-app map f118768118911 proc a118671118910))))))))
  (proc
   (lam119059 env119060 a118670118908)
   (let ((cdr (env-ref env119060 6)))
     (let ((lst (env-ref env119060 5)))
       (let ((proc (env-ref env119060 4)))
         (let ((cons (env-ref env119060 3)))
           (let ((map (env-ref env119060 2)))
             (let ((kont118766 (env-ref env119060 1)))
               (let ((f118769118909
                      (make-closure
                       lam119057
                       kont118766
                       map
                       cons
                       proc
                       a118670118908)))
                 (clo-app cdr f118769118909 lst)))))))))
  (proc
   (lam119061 env119062 a118669118906)
   (let ((cdr (env-ref env119062 6)))
     (let ((lst (env-ref env119062 5)))
       (let ((proc (env-ref env119062 4)))
         (let ((cons (env-ref env119062 3)))
           (let ((map (env-ref env119062 2)))
             (let ((kont118766 (env-ref env119062 1)))
               (let ((f118770118907
                      (make-closure
                       lam119059
                       kont118766
                       map
                       cons
                       proc
                       lst
                       cdr)))
                 (clo-app proc f118770118907 a118669118906)))))))))
  (proc
   (lam119063 env119064 a118667118902)
   (let ((lst (env-ref env119064 8)))
     (let ((proc (env-ref env119064 7)))
       (let ((car (env-ref env119064 6)))
         (let ((cons (env-ref env119064 5)))
           (let ((list (env-ref env119064 4)))
             (let ((cdr (env-ref env119064 3)))
               (let ((map (env-ref env119064 2)))
                 (let ((kont118766 (env-ref env119064 1)))
                   (if a118667118902
                     (let ((f118767118903 (make-closure lam119053 kont118766)))
                       (clo-app list f118767118903))
                     (let ((f118771118905
                            (make-closure
                             lam119061
                             kont118766
                             map
                             cons
                             proc
                             lst
                             cdr)))
                       (clo-app car f118771118905 lst))))))))))))
  (proc
   (map _119065 kont118766 proc lst)
   (let ((f118772118901
          (make-closure lam119063 kont118766 map cdr list cons car proc lst)))
     (clo-app null? f118772118901 lst)))
  (proc
   (lam119066 env119067 x118674118916)
   (let ((kont118773 (env-ref env119067 1)))
     (clo-app kont118773 x118674118916)))
  (proc
   (lam119068 env119069 a118679118926)
   (let ((a118677118922 (env-ref env119069 3)))
     (let ((kont118773 (env-ref env119069 2)))
       (let ((cons (env-ref env119069 1)))
         (clo-app cons kont118773 a118677118922 a118679118926)))))
  (proc
   (lam119070 env119071 a118678118924)
   (let ((a118677118922 (env-ref env119071 5)))
     (let ((op (env-ref env119071 4)))
       (let ((kont118773 (env-ref env119071 3)))
         (let ((filter (env-ref env119071 2)))
           (let ((cons (env-ref env119071 1)))
             (let ((f118775118925
                    (make-closure lam119068 cons kont118773 a118677118922)))
               (clo-app filter f118775118925 op a118678118924))))))))
  (proc
   (lam119072 env119073 a118677118922)
   (let ((cdr (env-ref env119073 6)))
     (let ((lst (env-ref env119073 5)))
       (let ((op (env-ref env119073 4)))
         (let ((kont118773 (env-ref env119073 3)))
           (let ((filter (env-ref env119073 2)))
             (let ((cons (env-ref env119073 1)))
               (let ((f118776118923
                      (make-closure
                       lam119070
                       cons
                       filter
                       kont118773
                       op
                       a118677118922)))
                 (clo-app cdr f118776118923 lst)))))))))
  (proc
   (lam119074 env119075 a118680118928)
   (let ((op (env-ref env119075 3)))
     (let ((kont118773 (env-ref env119075 2)))
       (let ((filter (env-ref env119075 1)))
         (clo-app filter kont118773 op a118680118928)))))
  (proc
   (lam119076 env119077 a118676118920)
   (let ((cdr (env-ref env119077 7)))
     (let ((lst (env-ref env119077 6)))
       (let ((op (env-ref env119077 5)))
         (let ((kont118773 (env-ref env119077 4)))
           (let ((cons (env-ref env119077 3)))
             (let ((filter (env-ref env119077 2)))
               (let ((car (env-ref env119077 1)))
                 (if a118676118920
                   (let ((f118777118921
                          (make-closure
                           lam119072
                           cons
                           filter
                           kont118773
                           op
                           lst
                           cdr)))
                     (clo-app car f118777118921 lst))
                   (let ((f118778118927
                          (make-closure lam119074 filter kont118773 op)))
                     (clo-app cdr f118778118927 lst)))))))))))
  (proc
   (lam119078 env119079 a118675118918)
   (let ((cdr (env-ref env119079 7)))
     (let ((lst (env-ref env119079 6)))
       (let ((op (env-ref env119079 5)))
         (let ((kont118773 (env-ref env119079 4)))
           (let ((cons (env-ref env119079 3)))
             (let ((filter (env-ref env119079 2)))
               (let ((car (env-ref env119079 1)))
                 (let ((f118779118919
                        (make-closure
                         lam119076
                         car
                         filter
                         cons
                         kont118773
                         op
                         lst
                         cdr)))
                   (clo-app op f118779118919 a118675118918))))))))))
  (proc
   (lam119080 env119081 a118673118914)
   (let ((lst (env-ref env119081 8)))
     (let ((op (env-ref env119081 7)))
       (let ((kont118773 (env-ref env119081 6)))
         (let ((cons (env-ref env119081 5)))
           (let ((list (env-ref env119081 4)))
             (let ((cdr (env-ref env119081 3)))
               (let ((filter (env-ref env119081 2)))
                 (let ((car (env-ref env119081 1)))
                   (if a118673118914
                     (let ((f118774118915 (make-closure lam119066 kont118773)))
                       (clo-app list f118774118915))
                     (let ((f118780118917
                            (make-closure
                             lam119078
                             car
                             filter
                             cons
                             kont118773
                             op
                             lst
                             cdr)))
                       (clo-app car f118780118917 lst))))))))))))
  (proc
   (filter _119082 kont118773 op lst)
   (let ((f118781118913
          (make-closure lam119080 car filter cdr list cons kont118773 op lst)))
     (clo-app null? f118781118913 lst)))
  (proc
   (lam119083 env119084 a118685118936)
   (let ((drop (env-ref env119084 3)))
     (let ((kont118782 (env-ref env119084 2)))
       (let ((a118683118933 (env-ref env119084 1)))
         (clo-app drop kont118782 a118683118933 a118685118936)))))
  (proc
   (lam119086 env119087 a118683118933)
   (let ((drop (env-ref env119087 4)))
     (let ((kont118782 (env-ref env119087 3)))
       (let ((n (env-ref env119087 2)))
         (let ((- (env-ref env119087 1)))
           (let ((a118684118934 '1))
             (let ((f118783118935
                    (make-closure lam119083 a118683118933 kont118782 drop)))
               (clo-app - f118783118935 n a118684118934))))))))
  (proc
   (lam119088 env119089 a118682118931)
   (let ((cdr (env-ref env119089 6)))
     (let ((kont118782 (env-ref env119089 5)))
       (let ((n (env-ref env119089 4)))
         (let ((- (env-ref env119089 3)))
           (let ((lst (env-ref env119089 2)))
             (let ((drop (env-ref env119089 1)))
               (if a118682118931
                 (clo-app kont118782 lst)
                 (let ((f118784118932
                        (make-closure lam119086 - n kont118782 drop)))
                   (clo-app cdr f118784118932 lst))))))))))
  (proc
   (drop _119091 kont118782 lst n)
   (let ((a118681118929 '0))
     (let ((f118785118930
            (make-closure lam119088 drop lst - n kont118782 cdr)))
       (clo-app = f118785118930 n a118681118929))))
  (proc
   (lam119092 env119093 a118689118944)
   (let ((a118687118940 (env-ref env119093 3)))
     (let ((kont118786 (env-ref env119093 2)))
       (let ((proc (env-ref env119093 1)))
         (clo-app proc kont118786 a118687118940 a118689118944)))))
  (proc
   (lam119094 env119095 a118688118942)
   (let ((a118687118940 (env-ref env119095 5)))
     (let ((foldr (env-ref env119095 4)))
       (let ((kont118786 (env-ref env119095 3)))
         (let ((proc (env-ref env119095 2)))
           (let ((acc (env-ref env119095 1)))
             (let ((f118787118943
                    (make-closure lam119092 proc kont118786 a118687118940)))
               (clo-app foldr f118787118943 proc acc a118688118942))))))))
  (proc
   (lam119096 env119097 a118687118940)
   (let ((cdr (env-ref env119097 6)))
     (let ((kont118786 (env-ref env119097 5)))
       (let ((foldr (env-ref env119097 4)))
         (let ((lst (env-ref env119097 3)))
           (let ((proc (env-ref env119097 2)))
             (let ((acc (env-ref env119097 1)))
               (let ((f118788118941
                      (make-closure
                       lam119094
                       acc
                       proc
                       kont118786
                       foldr
                       a118687118940)))
                 (clo-app cdr f118788118941 lst)))))))))
  (proc
   (lam119098 env119099 a118686118938)
   (let ((cdr (env-ref env119099 7)))
     (let ((kont118786 (env-ref env119099 6)))
       (let ((car (env-ref env119099 5)))
         (let ((foldr (env-ref env119099 4)))
           (let ((lst (env-ref env119099 3)))
             (let ((proc (env-ref env119099 2)))
               (let ((acc (env-ref env119099 1)))
                 (if a118686118938
                   (clo-app kont118786 acc)
                   (let ((f118789118939
                          (make-closure
                           lam119096
                           acc
                           proc
                           lst
                           foldr
                           kont118786
                           cdr)))
                     (clo-app car f118789118939 lst)))))))))))
  (proc
   (foldr _119100 kont118786 proc acc lst)
   (let ((f118790118937
          (make-closure lam119098 acc proc lst foldr car kont118786 cdr)))
     (clo-app null? f118790118937 lst)))
  (proc
   (lam119101 env119102 a118693118952)
   (let ((a118691118948 (env-ref env119102 3)))
     (let ((cons (env-ref env119102 2)))
       (let ((kont118791 (env-ref env119102 1)))
         (clo-app cons kont118791 a118691118948 a118693118952)))))
  (proc
   (lam119103 env119104 a118692118950)
   (let ((append (env-ref env119104 5)))
     (let ((a118691118948 (env-ref env119104 4)))
       (let ((lst2 (env-ref env119104 3)))
         (let ((cons (env-ref env119104 2)))
           (let ((kont118791 (env-ref env119104 1)))
             (let ((f118792118951
                    (make-closure lam119101 kont118791 cons a118691118948)))
               (clo-app append f118792118951 a118692118950 lst2))))))))
  (proc
   (lam119105 env119106 a118691118948)
   (let ((cdr (env-ref env119106 6)))
     (let ((append (env-ref env119106 5)))
       (let ((lst2 (env-ref env119106 4)))
         (let ((lst1 (env-ref env119106 3)))
           (let ((cons (env-ref env119106 2)))
             (let ((kont118791 (env-ref env119106 1)))
               (let ((f118793118949
                      (make-closure
                       lam119103
                       kont118791
                       cons
                       lst2
                       a118691118948
                       append)))
                 (clo-app cdr f118793118949 lst1)))))))))
  (proc
   (lam119107 env119108 a118690118946)
   (let ((cdr (env-ref env119108 7)))
     (let ((append (env-ref env119108 6)))
       (let ((lst2 (env-ref env119108 5)))
         (let ((lst1 (env-ref env119108 4)))
           (let ((car (env-ref env119108 3)))
             (let ((cons (env-ref env119108 2)))
               (let ((kont118791 (env-ref env119108 1)))
                 (if a118690118946
                   (clo-app kont118791 lst2)
                   (let ((f118794118947
                          (make-closure
                           lam119105
                           kont118791
                           cons
                           lst1
                           lst2
                           append
                           cdr)))
                     (clo-app car f118794118947 lst1)))))))))))
  (proc
   (append _119109 kont118791 lst1 lst2)
   (let ((f118795118945
          (make-closure lam119107 kont118791 cons car lst1 lst2 append cdr)))
     (clo-app null? f118795118945 lst1)))
  (proc
   (hash _119110 . lst)
   (let ((kont118796118953 (prim car lst)))
     (let ((lst118954 (prim cdr lst)))
       (let ((x118694118955 (apply-prim hash lst118954)))
         (clo-app kont118796118953 x118694118955)))))
  (proc
   (hash-ref _119111 kont118798 h k)
   (let ((x118695118956 (prim hash-ref h k)))
     (clo-app kont118798 x118695118956)))
  (proc
   (hash-set _119112 kont118799 h k v)
   (let ((x118696118957 (prim hash-set h k v)))
     (clo-app kont118799 x118696118957)))
  (proc
   (hash-has-key? _119113 kont118800 h k)
   (let ((x118697118958 (prim hash-has-key? h k)))
     (clo-app kont118800 x118697118958)))
  (proc
   (hash-count _119114 kont118801 h)
   (let ((x118698118959 (prim hash-count h)))
     (clo-app kont118801 x118698118959)))
  (proc
   (call _119120 kont118802)
   (let ((a118699118960 '100))
     (let ((a118700118961 '20))
       (let ((a118701118962 '10))
         (let ((a118702118963 '5))
           (let ((a118703118964 '1))
             (clo-app
              >
              kont118802
              a118699118960
              a118700118961
              a118701118962
              a118702118963
              a118703118964)))))))
  (proc
   (lam119121 env119122 x118704118966)
   (let ((kont118803 (env-ref env119122 1)))
     (clo-app kont118803 x118704118966)))
  (proc
   (brouhaha_main _119123 kont118803)
   (let ((f118804118965 (make-closure lam119121 kont118803)))
     (clo-app call f118804118965))))
